Archive member included to satisfy reference by file (symbol)

comm/libcomm.a(comm_main.c.obj)
                              main/CMakeFiles/cvirtos.elf.dir/src/main.c.obj (main_cvirtos)
rgn/librgn.a(rgn_main.c.obj)  comm/libcomm.a(comm_main.c.obj) (prvRGNRunTask)
audio/libaudio.a(audio_main.c.obj)
                              comm/libcomm.a(comm_main.c.obj) (prvAudioRunTask)
/root/.jenkins/workspace/mars3_dev_daily_build/mars3_source/freertos/cvitek/install/lib/libarch.a(cache.c.obj)
                              rgn/librgn.a(rgn_main.c.obj) (inv_dcache_range)
/root/.jenkins/workspace/mars3_dev_daily_build/mars3_source/freertos/cvitek/install/lib/libarch.a(start.S.obj)
                              (_start)
/root/.jenkins/workspace/mars3_dev_daily_build/mars3_source/freertos/cvitek/install/lib/libcommon.a(memset.c.obj)
                              rgn/librgn.a(rgn_main.c.obj) (memset)
/root/.jenkins/workspace/mars3_dev_daily_build/mars3_source/freertos/cvitek/install/lib/libcommon.a(printf.c.obj)
                              main/CMakeFiles/cvirtos.elf.dir/src/main.c.obj (printf)
/root/.jenkins/workspace/mars3_dev_daily_build/mars3_source/freertos/cvitek/install/lib/libcommon.a(sleep.c.obj)
                              audio/libaudio.a(audio_main.c.obj) (usleep)
/root/.jenkins/workspace/mars3_dev_daily_build/mars3_source/freertos/cvitek/install/lib/libcommon.a(snprintf.c.obj)
                              /root/.jenkins/workspace/mars3_dev_daily_build/mars3_source/freertos/cvitek/install/lib/libcommon.a(printf.c.obj) (vsnprintf)
/root/.jenkins/workspace/mars3_dev_daily_build/mars3_source/freertos/cvitek/install/lib/libcommon.a(time.c.obj)
                              /root/.jenkins/workspace/mars3_dev_daily_build/mars3_source/freertos/cvitek/install/lib/libcommon.a(printf.c.obj) (gettimeofday)
/root/.jenkins/workspace/mars3_dev_daily_build/mars3_source/freertos/cvitek/install/lib/libdriver.a(system.c.obj)
                              main/CMakeFiles/cvirtos.elf.dir/src/main.c.obj (post_system_init)
/root/.jenkins/workspace/mars3_dev_daily_build/mars3_source/freertos/cvitek/install/lib/libdriver.a(pinmux.c.obj)
                              /root/.jenkins/workspace/mars3_dev_daily_build/mars3_source/freertos/cvitek/install/lib/libdriver.a(system.c.obj) (pinmux_init)
/root/.jenkins/workspace/mars3_dev_daily_build/mars3_source/freertos/cvitek/install/lib/libdriver.a(uart.c.obj)
                              /root/.jenkins/workspace/mars3_dev_daily_build/mars3_source/freertos/cvitek/install/lib/libdriver.a(system.c.obj) (uart_init)
/root/.jenkins/workspace/mars3_dev_daily_build/mars3_source/freertos/cvitek/install/lib/libdriver.a(cvi_spinlock.c.obj)
                              comm/libcomm.a(comm_main.c.obj) (cvi_spinlock_init)
/root/.jenkins/workspace/mars3_dev_daily_build/mars3_source/freertos/cvitek/install/lib/libdriver.a(cvi_osdc.c.obj)
                              rgn/librgn.a(rgn_main.c.obj) (CVI_OSDC_EstCmprCanvasSize)
/root/.jenkins/workspace/mars3_dev_daily_build/mars3_source/freertos/cvitek/install/lib/libdriver.a(cmpr_canvas.c.obj)
                              /root/.jenkins/workspace/mars3_dev_daily_build/mars3_source/freertos/cvitek/install/lib/libdriver.a(cvi_osdc.c.obj) (CVI_OSDC_est_cmpr_canvas_size)
/root/.jenkins/workspace/mars3_dev_daily_build/mars3_source/freertos/cvitek/install/lib/libdriver.a(osd_cmpr.c.obj)
                              /root/.jenkins/workspace/mars3_dev_daily_build/mars3_source/freertos/cvitek/install/lib/libdriver.a(cmpr_canvas.c.obj) (init_stream)
/root/.jenkins/workspace/mars3_dev_daily_build/mars3_source/freertos/cvitek/install/lib/libhal.a(hal_uart_dw.c.obj)
                              /root/.jenkins/workspace/mars3_dev_daily_build/mars3_source/freertos/cvitek/install/lib/libdriver.a(uart.c.obj) (hal_uart_init)
/root/.jenkins/workspace/mars3_dev_daily_build/mars3_source/freertos/cvitek/install/lib/libkernel.a(heap_4.c.obj)
                              rgn/librgn.a(rgn_main.c.obj) (pvPortMalloc)
/root/.jenkins/workspace/mars3_dev_daily_build/mars3_source/freertos/cvitek/install/lib/libkernel.a(queue.c.obj)
                              comm/libcomm.a(comm_main.c.obj) (xQueueGenericCreate)
/root/.jenkins/workspace/mars3_dev_daily_build/mars3_source/freertos/cvitek/install/lib/libkernel.a(tasks.c.obj)
                              /root/.jenkins/workspace/mars3_dev_daily_build/mars3_source/freertos/cvitek/install/lib/libkernel.a(heap_4.c.obj) (vTaskSuspendAll)
/root/.jenkins/workspace/mars3_dev_daily_build/mars3_source/freertos/cvitek/install/lib/libkernel.a(timers.c.obj)
                              /root/.jenkins/workspace/mars3_dev_daily_build/mars3_source/freertos/cvitek/install/lib/libkernel.a(tasks.c.obj) (xTimerCreateTimerTask)
/root/.jenkins/workspace/mars3_dev_daily_build/mars3_source/freertos/cvitek/install/lib/libkernel.a(list.c.obj)
[...]
Memory Configuration

Name             Origin             Length             Attributes
psu_ddr_0_MEM_0  0x00000000800a0000 0x0000000000100000
*default*        0x0000000000000000 0xffffffffffffffff

Linker script and memory map

LOAD main/CMakeFiles/cvirtos.elf.dir/src/FreeRTOS_tick_config.c.obj
LOAD main/CMakeFiles/cvirtos.elf.dir/src/main.c.obj
START GROUP
LOAD comm/libcomm.a
LOAD rgn/librgn.a
LOAD audio/libaudio.a
LOAD /root/.jenkins/workspace/mars3_dev_daily_build/mars3_source/freertos/cvitek/install/lib/libarch.a
LOAD /root/.jenkins/workspace/mars3_dev_daily_build/mars3_source/freertos/cvitek/install/lib/libcommon.a
LOAD /root/.jenkins/workspace/mars3_dev_daily_build/mars3_source/freertos/cvitek/install/lib/libdriver.a
LOAD /root/.jenkins/workspace/mars3_dev_daily_build/mars3_source/freertos/cvitek/install/lib/libhal.a
LOAD /root/.jenkins/workspace/mars3_dev_daily_build/mars3_source/freertos/cvitek/install/lib/libkernel.a
LOAD /home/dscripts/host-tools/gcc/riscv64-elf-x86_64/bin/../lib/gcc/riscv64-unknown-elf/10.2.0/../../../../riscv64-unknown-elf/lib/rv64imafdc/lp64d/libm.a
LOAD /home/dscripts/host-tools/gcc/riscv64-elf-x86_64/bin/../lib/gcc/riscv64-unknown-elf/10.2.0/../../../../riscv64-unknown-elf/lib/rv64imafdc/lp64d/libc.a
LOAD /home/dscripts/host-tools/gcc/riscv64-elf-x86_64/bin/../lib/gcc/riscv64-unknown-elf/10.2.0/rv64imafdc/lp64d/libgcc.a
LOAD /home/dscripts/host-tools/gcc/riscv64-elf-x86_64/bin/../lib/gcc/riscv64-unknown-elf/10.2.0/../../../../riscv64-unknown-elf/lib/rv64imafdc/lp64d/libsim.a
END GROUP
LOAD audio/src/SSP_Algorithm_20220128/libssp.a
LOAD /home/dscripts/host-tools/gcc/riscv64-elf-x86_64/bin/../lib/gcc/riscv64-unknown-elf/10.2.0/../../../../riscv64-unknown-elf/lib/rv64imafdc/lp64d/libm.a
                0x0000000083800000                CONFIG_SYS_TEXT_BASE = 0x83800000
                0x00000000000a0000                CVIMMAP_ATF_SIZE = 0xa0000
                0x000000008fe3e000                CVIMMAP_BOOTLOGO_ADDR = 0x8fe3e000
                0x00000000001c2000                CVIMMAP_BOOTLOGO_SIZE = 0x1c2000
                0x0000000083500000                CVIMMAP_CONFIG_SYS_INIT_SP_ADDR = 0x83500000
                0x00000000813ff800                CVIMMAP_CVI_MMC_SKIP_TUNING_ADDR = 0x813ff800
                0x0000000000000400                CVIMMAP_CVI_MMC_SKIP_TUNING_SIZE = 0x400
                0x00000000813ffc00                CVIMMAP_CVI_UPDATE_HEADER_ADDR = 0x813ffc00
                0x0000000000000400                CVIMMAP_CVI_UPDATE_HEADER_SIZE = 0x400
                0x0000000080000000                CVIMMAP_DRAM_BASE = 0x80000000
                0x0000000010000000                CVIMMAP_DRAM_SIZE = 0x10000000
                0x0000000000100000                CVIMMAP_FREERTOS_SYS_SIZE = 0x100000
                0x00000000800a0000                CVIMMAP_FSBL_C906L_START_ADDR = 0x800a0000
                0x0000000081400000                CVIMMAP_FSBL_UNZIP_ADDR = 0x81400000
                0x0000000000400000                CVIMMAP_FSBL_UNZIP_SIZE = 0x400000
                0x000000008b500000                CVIMMAP_H26X_BITSTREAM_ADDR = 0x8b500000
                0x0000000000000000                CVIMMAP_H26X_BITSTREAM_SIZE = 0x0
                0x000000008b500000                CVIMMAP_H26X_ENC_BUFF_ADDR = 0x8b500000
                0x0000000000000000                CVIMMAP_H26X_ENC_BUFF_SIZE = 0x0
                0x000000008b500000                CVIMMAP_ION_ADDR = 0x8b500000
                0x0000000004b00000                CVIMMAP_ION_SIZE = 0x4b00000
                0x000000008b500000                CVIMMAP_ISP_MEM_BASE_ADDR = 0x8b500000
                0x0000000000000000                CVIMMAP_ISP_MEM_BASE_SIZE = 0x0
                0x0000000080000000                CVIMMAP_KERNEL_MEMORY_ADDR = 0x80000000
                0x0000000010000000                CVIMMAP_KERNEL_MEMORY_SIZE = 0x10000000
                0x0000000080000000                CVIMMAP_MONITOR_ADDR = 0x80000000
                0x00000000800a0000                CVIMMAP_OPENSBI_FDT_ADDR = 0x800a0000
                0x00000000000a0000                CVIMMAP_OPENSBI_SIZE = 0xa0000
                0x0000000080500000                CVIMMAP_PQBIN_ADDR = 0x80500000
                0x0000000000080000                CVIMMAP_PQBIN_SIZE = 0x80000
                0x0000000081ea0000                CVIMMAP_RTOS_COMPRESS_BIN_ADDR = 0x81ea0000
                0x0000000090000000                CVIMMAP_RTOS_ION_ADDR = 0x90000000
                0x0000000000000000                CVIMMAP_RTOS_ION_SIZE = 0x0
                0x00000000801a0000                CVIMMAP_RTOS_LOGO_ADDR = 0x801a0000
                0x00000000804a0000                CVIMMAP_RTOS_LOG_ADDR = 0x804a0000
                0x0000000000020000                CVIMMAP_RTOS_LOG_SIZE = 0x20000
                0x0000000000400000                CVIMMAP_RTOS_SYS_SIZE = 0x400000
                0x0000000000100000                CVIMMAP_RTOS_SYS_TOTAL_SIZE = 0x100000
                0x00000000804c0000                CVIMMAP_SHARE_MEM_ADDR = 0x804c0000
                0x0000000000020000                CVIMMAP_SHARE_MEM_SIZE = 0x20000
                0x00000000804e0000                CVIMMAP_SHARE_PARAM_ADDR = 0x804e0000
                0x00000000804f0000                CVIMMAP_SHARE_PARAM_ADDR_BAK = 0x804f0000
                0x0000000000010000                CVIMMAP_SHARE_PARAM_SIZE = 0x10000
                0x00000000812ffc00                CVIMMAP_SPL_FDT_ADDR = 0x812ffc00
                0x0000000000100000                CVIMMAP_SPL_FDT_SIZE = 0x100000
                0x0000000081400000                CVIMMAP_UIMAG_ADDR = 0x81400000
                0x0000000000400000                CVIMMAP_UIMAG_SIZE = 0x400000
                0x0000000000020000                _STACK_SIZE = DEFINED (_STACK_SIZE)?_STACK_SIZE:0x20000
                0x0000000000000400                _EL0_STACK_SIZE = DEFINED (_EL0_STACK_SIZE)?_EL0_STACK_SIZE:0x400
                0x0000000000000800                _EL1_STACK_SIZE = DEFINED (_EL1_STACK_SIZE)?_EL1_STACK_SIZE:0x800
                0x0000000000000400                _EL2_STACK_SIZE = DEFINED (_EL2_STACK_SIZE)?_EL2_STACK_SIZE:0x400

.text           0x00000000800a0000    0x1083e
 *(.vectors)
 .vectors       0x00000000800a0000      0x100 /root/.jenkins/workspace/mars3_dev_daily_build/mars3_source/freertos/cvitek/install/lib/libarch.a(start.S.obj)
                0x00000000800a0000                _start
 *(.boot)
 *(.text)
 .text          0x00000000800a0100      0x390 /root/.jenkins/workspace/mars3_dev_daily_build/mars3_source/freertos/cvitek/install/lib/libkernel.a(portASM.S.obj)
                0x00000000800a0100                freertos_risc_v_trap_handler
                0x00000000800a0300                xPortStartFirstTask
                0x00000000800a0400                pxPortInitialiseStack
 .text          0x00000000800a0490       0xc6 /home/dscripts/host-tools/gcc/riscv64-elf-x86_64/bin/../lib/gcc/riscv64-unknown-elf/10.2.0/../../../../riscv64-unknown-elf/lib/rv64imafdc/lp64d/libm.a(lib_a-s_round.o)
                0x00000000800a0490                round
 .text          0x00000000800a0556      0x130 /home/dscripts/host-tools/gcc/riscv64-elf-x86_64/bin/../lib/gcc/riscv64-unknown-elf/10.2.0/../../../../riscv64-unknown-elf/lib/rv64imafdc/lp64d/libm.a(lib_a-w_pow.o)
                0x00000000800a0556                pow
 .text          0x00000000800a0686      0x772 /home/dscripts/host-tools/gcc/riscv64-elf-x86_64/bin/../lib/gcc/riscv64-unknown-elf/10.2.0/../../../../riscv64-unknown-elf/lib/rv64imafdc/lp64d/libm.a(lib_a-e_pow.o)
                0x00000000800a0686                __ieee754_pow
 .text          0x00000000800a0df8      0x1dc /home/dscripts/host-tools/gcc/riscv64-elf-x86_64/bin/../lib/gcc/riscv64-unknown-elf/10.2.0/../../../../riscv64-unknown-elf/lib/rv64imafdc/lp64d/libm.a(lib_a-e_sqrt.o)
                0x00000000800a0df8                __ieee754_sqrt
 .text          0x00000000800a0fd4       0x1a /home/dscripts/host-tools/gcc/riscv64-elf-x86_64/bin/../lib/gcc/riscv64-unknown-elf/10.2.0/../../../../riscv64-unknown-elf/lib/rv64imafdc/lp64d/libm.a(lib_a-s_fabs.o)
                0x00000000800a0fd4                fabs
 .text          0x00000000800a0fee       0x14 /home/dscripts/host-tools/gcc/riscv64-elf-x86_64/bin/../lib/gcc/riscv64-unknown-elf/10.2.0/../../../../riscv64-unknown-elf/lib/rv64imafdc/lp64d/libm.a(lib_a-s_finite.o)
                0x00000000800a0fee                finite
 .text          0x00000000800a1002        0xa /home/dscripts/host-tools/gcc/riscv64-elf-x86_64/bin/../lib/gcc/riscv64-unknown-elf/10.2.0/../../../../riscv64-unknown-elf/lib/rv64imafdc/lp64d/libm.a(lib_a-s_nan.o)
                0x00000000800a1002                nan
 .text          0x00000000800a100c      0x16a /home/dscripts/host-tools/gcc/riscv64-elf-x86_64/bin/../lib/gcc/riscv64-unknown-elf/10.2.0/../../../../riscv64-unknown-elf/lib/rv64imafdc/lp64d/libm.a(lib_a-s_rint.o)
                0x00000000800a100c                rint
 .text          0x00000000800a1176      0x12a /home/dscripts/host-tools/gcc/riscv64-elf-x86_64/bin/../lib/gcc/riscv64-unknown-elf/10.2.0/../../../../riscv64-unknown-elf/lib/rv64imafdc/lp64d/libm.a(lib_a-s_scalbn.o)
                0x00000000800a1176                scalbn
 .text          0x00000000800a12a0        0xa /home/dscripts/host-tools/gcc/riscv64-elf-x86_64/bin/../lib/gcc/riscv64-unknown-elf/10.2.0/../../../../riscv64-unknown-elf/lib/rv64imafdc/lp64d/libc.a(lib_a-errno.o)
                0x00000000800a12a0                __errno
 *fill*         0x00000000800a12aa        0x2 
 .text          0x00000000800a12ac       0xde /home/dscripts/host-tools/gcc/riscv64-elf-x86_64/bin/../lib/gcc/riscv64-unknown-elf/10.2.0/../../../../riscv64-unknown-elf/lib/rv64imafdc/lp64d/libc.a(lib_a-memcpy.o)
                0x00000000800a12ac                memcpy
 .text          0x00000000800a138a       0xd6 /home/dscripts/host-tools/gcc/riscv64-elf-x86_64/bin/../lib/gcc/riscv64-unknown-elf/10.2.0/../../../../riscv64-unknown-elf/lib/rv64imafdc/lp64d/libc.a(lib_a-memmove-stub.o)
                0x00000000800a138a                memmove
 .text          0x00000000800a1460       0x30 /home/dscripts/host-tools/gcc/riscv64-elf-x86_64/bin/../lib/gcc/riscv64-unknown-elf/10.2.0/rv64imafdc/lp64d/libgcc.a(_clzsi2.o)
                0x00000000800a1460                __clzdi2
 .text          0x00000000800a1490      0x20a /home/dscripts/host-tools/gcc/riscv64-elf-x86_64/bin/../lib/gcc/riscv64-unknown-elf/10.2.0/../../../../riscv64-unknown-elf/lib/rv64imafdc/lp64d/libm.a(lib_a-s_atan.o)
                0x00000000800a1490                atan
 .text          0x00000000800a169a      0x138 /home/dscripts/host-tools/gcc/riscv64-elf-x86_64/bin/../lib/gcc/riscv64-unknown-elf/10.2.0/../../../../riscv64-unknown-elf/lib/rv64imafdc/lp64d/libm.a(lib_a-s_ceil.o)
                0x00000000800a169a                ceil
 .text          0x00000000800a17d2       0x76 /home/dscripts/host-tools/gcc/riscv64-elf-x86_64/bin/../lib/gcc/riscv64-unknown-elf/10.2.0/../../../../riscv64-unknown-elf/lib/rv64imafdc/lp64d/libm.a(lib_a-s_cos.o)
                0x00000000800a17d2                cos
 .text          0x00000000800a1848      0x13e /home/dscripts/host-tools/gcc/riscv64-elf-x86_64/bin/../lib/gcc/riscv64-unknown-elf/10.2.0/../../../../riscv64-unknown-elf/lib/rv64imafdc/lp64d/libm.a(lib_a-s_floor.o)
                0x00000000800a1848                floor
 .text          0x00000000800a1986       0x78 /home/dscripts/host-tools/gcc/riscv64-elf-x86_64/bin/../lib/gcc/riscv64-unknown-elf/10.2.0/../../../../riscv64-unknown-elf/lib/rv64imafdc/lp64d/libm.a(lib_a-s_sin.o)
                0x00000000800a1986                sin
 .text          0x00000000800a19fe        0x2 /home/dscripts/host-tools/gcc/riscv64-elf-x86_64/bin/../lib/gcc/riscv64-unknown-elf/10.2.0/../../../../riscv64-unknown-elf/lib/rv64imafdc/lp64d/libm.a(lib_a-w_atan2.o)
                0x00000000800a19fe                atan2
 .text          0x00000000800a1a00       0x7a /home/dscripts/host-tools/gcc/riscv64-elf-x86_64/bin/../lib/gcc/riscv64-unknown-elf/10.2.0/../../../../riscv64-unknown-elf/lib/rv64imafdc/lp64d/libm.a(lib_a-w_exp.o)
                0x00000000800a1a00                exp
 .text          0x00000000800a1a7a       0x68 /home/dscripts/host-tools/gcc/riscv64-elf-x86_64/bin/../lib/gcc/riscv64-unknown-elf/10.2.0/../../../../riscv64-unknown-elf/lib/rv64imafdc/lp64d/libm.a(lib_a-w_log.o)
                0x00000000800a1a7a                log
 .text          0x00000000800a1ae2       0x50 /home/dscripts/host-tools/gcc/riscv64-elf-x86_64/bin/../lib/gcc/riscv64-unknown-elf/10.2.0/../../../../riscv64-unknown-elf/lib/rv64imafdc/lp64d/libm.a(lib_a-w_sqrt.o)
                0x00000000800a1ae2                sqrt
 .text          0x00000000800a1b32      0x1ea /home/dscripts/host-tools/gcc/riscv64-elf-x86_64/bin/../lib/gcc/riscv64-unknown-elf/10.2.0/../../../../riscv64-unknown-elf/lib/rv64imafdc/lp64d/libm.a(lib_a-e_atan2.o)
                0x00000000800a1b32                __ieee754_atan2
 .text          0x00000000800a1d1c      0x27e /home/dscripts/host-tools/gcc/riscv64-elf-x86_64/bin/../lib/gcc/riscv64-unknown-elf/10.2.0/../../../../riscv64-unknown-elf/lib/rv64imafdc/lp64d/libm.a(lib_a-e_exp.o)
                0x00000000800a1d1c                __ieee754_exp
 .text          0x00000000800a1f9a      0x250 /home/dscripts/host-tools/gcc/riscv64-elf-x86_64/bin/../lib/gcc/riscv64-unknown-elf/10.2.0/../../../../riscv64-unknown-elf/lib/rv64imafdc/lp64d/libm.a(lib_a-e_log.o)
                0x00000000800a1f9a                __ieee754_log
 .text          0x00000000800a21ea      0x2c6 /home/dscripts/host-tools/gcc/riscv64-elf-x86_64/bin/../lib/gcc/riscv64-unknown-elf/10.2.0/../../../../riscv64-unknown-elf/lib/rv64imafdc/lp64d/libm.a(lib_a-e_rem_pio2.o)
                0x00000000800a21ea                __ieee754_rem_pio2
 .text          0x00000000800a24b0      0x148 /home/dscripts/host-tools/gcc/riscv64-elf-x86_64/bin/../lib/gcc/riscv64-unknown-elf/10.2.0/../../../../riscv64-unknown-elf/lib/rv64imafdc/lp64d/libm.a(lib_a-k_cos.o)
                0x00000000800a24b0                __kernel_cos
 .text          0x00000000800a25f8      0x758 /home/dscripts/host-tools/gcc/riscv64-elf-x86_64/bin/../lib/gcc/riscv64-unknown-elf/10.2.0/../../../../riscv64-unknown-elf/lib/rv64imafdc/lp64d/libm.a(lib_a-k_rem_pio2.o)
                0x00000000800a25f8                __kernel_rem_pio2
 .text          0x00000000800a2d50       0xa4 /home/dscripts/host-tools/gcc/riscv64-elf-x86_64/bin/../lib/gcc/riscv64-unknown-elf/10.2.0/../../../../riscv64-unknown-elf/lib/rv64imafdc/lp64d/libm.a(lib_a-k_sin.o)
                0x00000000800a2d50                __kernel_sin
 *(.text.*)
 .text.startup.main
                0x00000000800a2df4       0x34 main/CMakeFiles/cvirtos.elf.dir/src/main.c.obj
                0x00000000800a2df4                main
 .text.vApplicationMallocFailedHook
                0x00000000800a2e28       0x1a main/CMakeFiles/cvirtos.elf.dir/src/main.c.obj
                0x00000000800a2e28                vApplicationMallocFailedHook
 .text.vApplicationStackOverflowHook
                0x00000000800a2e42       0x28 main/CMakeFiles/cvirtos.elf.dir/src/main.c.obj
                0x00000000800a2e42                vApplicationStackOverflowHook
 .text.vApplicationTickHook
                0x00000000800a2e6a        0x2 main/CMakeFiles/cvirtos.elf.dir/src/main.c.obj
                0x00000000800a2e6a                vApplicationTickHook
 .text.vApplicationGetIdleTaskMemory
                0x00000000800a2e6c       0x1c main/CMakeFiles/cvirtos.elf.dir/src/main.c.obj
                0x00000000800a2e6c                vApplicationGetIdleTaskMemory
 .text.vApplicationGetTimerTaskMemory
                0x00000000800a2e88       0x1e main/CMakeFiles/cvirtos.elf.dir/src/main.c.obj
                0x00000000800a2e88                vApplicationGetTimerTaskMemory
 .text.prvCmdQuRunTask
                0x00000000800a2ea6      0x262 comm/libcomm.a(comm_main.c.obj)
                0x00000000800a2ea6                prvCmdQuRunTask
 .text.prvQueueISR
                0x00000000800a3108      0x186 comm/libcomm.a(comm_main.c.obj)
                0x00000000800a3108                prvQueueISR
 .text.main_GetMODHandle
                0x00000000800a328e       0x24 comm/libcomm.a(comm_main.c.obj)
                0x00000000800a328e                main_GetMODHandle
 .text.main_create_tasks
                0x00000000800a32b2       0x4e comm/libcomm.a(comm_main.c.obj)
                0x00000000800a32b2                main_create_tasks
 .text.main_cvirtos
                0x00000000800a3300       0x36 comm/libcomm.a(comm_main.c.obj)
                0x00000000800a3300                main_cvirtos
 .text.prvRGNRunTask
                0x00000000800a3336      0x83c rgn/librgn.a(rgn_main.c.obj)
                0x00000000800a3336                prvRGNRunTask
 .text.cvi_audio_init_test
                0x00000000800a3b72       0x56 audio/libaudio.a(audio_main.c.obj)
                0x00000000800a3b72                cvi_audio_init_test
 .text.prvAudioRunTask
                0x00000000800a3bc8      0x870 audio/libaudio.a(audio_main.c.obj)
                0x00000000800a3bc8                prvAudioRunTask
 .text.inv_dcache_range
                0x00000000800a4438       0x24 /root/.jenkins/workspace/mars3_dev_daily_build/mars3_source/freertos/cvitek/install/lib/libarch.a(cache.c.obj)
                0x00000000800a4438                inv_dcache_range
 .text.clean_dcache_range
                0x00000000800a445c       0x24 /root/.jenkins/workspace/mars3_dev_daily_build/mars3_source/freertos/cvitek/install/lib/libarch.a(cache.c.obj)
                0x00000000800a445c                clean_dcache_range
 .text.flush_dcache_range
                0x00000000800a4480       0x24 /root/.jenkins/workspace/mars3_dev_daily_build/mars3_source/freertos/cvitek/install/lib/libarch.a(cache.c.obj)
                0x00000000800a4480                flush_dcache_range
 .text.memset   0x00000000800a44a4       0x18 /root/.jenkins/workspace/mars3_dev_daily_build/mars3_source/freertos/cvitek/install/lib/libcommon.a(memset.c.obj)
                0x00000000800a44a4                memset
 .text.printf   0x00000000800a44bc       0x62 /root/.jenkins/workspace/mars3_dev_daily_build/mars3_source/freertos/cvitek/install/lib/libcommon.a(printf.c.obj)
                0x00000000800a44bc                printf
 .text.usleep   0x00000000800a451e        0x4 /root/.jenkins/workspace/mars3_dev_daily_build/mars3_source/freertos/cvitek/install/lib/libcommon.a(sleep.c.obj)
                0x00000000800a451e                usleep
 .text.vsnprintf
                0x00000000800a4522      0x276 /root/.jenkins/workspace/mars3_dev_daily_build/mars3_source/freertos/cvitek/install/lib/libcommon.a(snprintf.c.obj)
                0x00000000800a4522                vsnprintf
 .text.snprintf
                0x00000000800a4798       0x20 /root/.jenkins/workspace/mars3_dev_daily_build/mars3_source/freertos/cvitek/install/lib/libcommon.a(snprintf.c.obj)
                0x00000000800a4798                snprintf
 .text.gettimeofday
                0x00000000800a47b8       0x36 /root/.jenkins/workspace/mars3_dev_daily_build/mars3_source/freertos/cvitek/install/lib/libcommon.a(time.c.obj)
                0x00000000800a47b8                gettimeofday
 .text.plic_ack_irq
                0x00000000800a47ee        0xe /root/.jenkins/workspace/mars3_dev_daily_build/mars3_source/freertos/cvitek/install/lib/libdriver.a(system.c.obj)
 .text.plic_eoi_irq
                0x00000000800a47fc        0xc /root/.jenkins/workspace/mars3_dev_daily_build/mars3_source/freertos/cvitek/install/lib/libdriver.a(system.c.obj)
 .text.plic_set_priority_irq
                0x00000000800a4808       0x12 /root/.jenkins/workspace/mars3_dev_daily_build/mars3_source/freertos/cvitek/install/lib/libdriver.a(system.c.obj)
 .text.plic_set_threshold
                0x00000000800a481a        0xc /root/.jenkins/workspace/mars3_dev_daily_build/mars3_source/freertos/cvitek/install/lib/libdriver.a(system.c.obj)
 .text.plic_unmask_irq
                0x00000000800a4826       0x46 /root/.jenkins/workspace/mars3_dev_daily_build/mars3_source/freertos/cvitek/install/lib/libdriver.a(system.c.obj)
 .text.GetCommInfo
                0x00000000800a486c       0xcc /root/.jenkins/workspace/mars3_dev_daily_build/mars3_source/freertos/cvitek/install/lib/libdriver.a(system.c.obj)
                0x00000000800a486c                GetCommInfo
 .text.post_system_init
                0x00000000800a4938       0x16 /root/.jenkins/workspace/mars3_dev_daily_build/mars3_source/freertos/cvitek/install/lib/libdriver.a(system.c.obj)
                0x00000000800a4938                post_system_init
 .text.irq_init
                0x00000000800a494e       0x68 /root/.jenkins/workspace/mars3_dev_daily_build/mars3_source/freertos/cvitek/install/lib/libdriver.a(system.c.obj)
                0x00000000800a494e                irq_init
 .text.pre_system_init
                0x00000000800a49b6       0x20 /root/.jenkins/workspace/mars3_dev_daily_build/mars3_source/freertos/cvitek/install/lib/libdriver.a(system.c.obj)
                0x00000000800a49b6                pre_system_init
 .text.request_irq
                0x00000000800a49d6       0x74 /root/.jenkins/workspace/mars3_dev_daily_build/mars3_source/freertos/cvitek/install/lib/libdriver.a(system.c.obj)
                0x00000000800a49d6                request_irq
 .text.do_irq   0x00000000800a4a4a       0x60 /root/.jenkins/workspace/mars3_dev_daily_build/mars3_source/freertos/cvitek/install/lib/libdriver.a(system.c.obj)
                0x00000000800a4a4a                do_irq
 .text.pinmux_init
                0x00000000800a4aaa        0x2 /root/.jenkins/workspace/mars3_dev_daily_build/mars3_source/freertos/cvitek/install/lib/libdriver.a(pinmux.c.obj)
                0x00000000800a4aaa                pinmux_init
 .text.uart_init
                0x00000000800a4aac       0x14 /root/.jenkins/workspace/mars3_dev_daily_build/mars3_source/freertos/cvitek/install/lib/libdriver.a(uart.c.obj)
                0x00000000800a4aac                uart_init
 .text.uart_puts
                0x00000000800a4ac0       0x4a /root/.jenkins/workspace/mars3_dev_daily_build/mars3_source/freertos/cvitek/install/lib/libdriver.a(uart.c.obj)
                0x00000000800a4ac0                uart_puts
 .text.dump_uart_init
                0x00000000800a4b0a       0xde /root/.jenkins/workspace/mars3_dev_daily_build/mars3_source/freertos/cvitek/install/lib/libdriver.a(uart.c.obj)
                0x00000000800a4b0a                dump_uart_init
 .text.dump_uart_enable
                0x00000000800a4be8       0x18 /root/.jenkins/workspace/mars3_dev_daily_build/mars3_source/freertos/cvitek/install/lib/libdriver.a(uart.c.obj)
                0x00000000800a4be8                dump_uart_enable
 .text.dump_uart_disable
                0x00000000800a4c00       0x18 /root/.jenkins/workspace/mars3_dev_daily_build/mars3_source/freertos/cvitek/install/lib/libdriver.a(uart.c.obj)
                0x00000000800a4c00                dump_uart_disable
 .text.dump_uart_msg
                0x00000000800a4c18       0x66 /root/.jenkins/workspace/mars3_dev_daily_build/mars3_source/freertos/cvitek/install/lib/libdriver.a(uart.c.obj)
                0x00000000800a4c18                dump_uart_msg
 .text.uart_put_buff
                0x00000000800a4c7e      0x392 /root/.jenkins/workspace/mars3_dev_daily_build/mars3_source/freertos/cvitek/install/lib/libdriver.a(uart.c.obj)
                0x00000000800a4c7e                uart_put_buff
 .text.cvi_spinlock_init
                0x00000000800a5010       0x50 /root/.jenkins/workspace/mars3_dev_daily_build/mars3_source/freertos/cvitek/install/lib/libdriver.a(cvi_spinlock.c.obj)
                0x00000000800a5010                cvi_spinlock_init
 .text.hw_spin_lock
                0x00000000800a5060       0xe6 /root/.jenkins/workspace/mars3_dev_daily_build/mars3_source/freertos/cvitek/install/lib/libdriver.a(cvi_spinlock.c.obj)
                0x00000000800a5060                hw_spin_lock
 .text._hw_raw_spin_lock_irqsave
                0x00000000800a5146       0x66 /root/.jenkins/workspace/mars3_dev_daily_build/mars3_source/freertos/cvitek/install/lib/libdriver.a(cvi_spinlock.c.obj)
                0x00000000800a5146                _hw_raw_spin_lock_irqsave
 .text._hw_raw_spin_unlock_irqrestore
                0x00000000800a51ac       0x6c /root/.jenkins/workspace/mars3_dev_daily_build/mars3_source/freertos/cvitek/install/lib/libdriver.a(cvi_spinlock.c.obj)
                0x00000000800a51ac                _hw_raw_spin_unlock_irqrestore
 .text.CVI_OSDC_EstCmprCanvasSize
                0x00000000800a5218        0x4 /root/.jenkins/workspace/mars3_dev_daily_build/mars3_source/freertos/cvitek/install/lib/libdriver.a(cvi_osdc.c.obj)
                0x00000000800a5218                CVI_OSDC_EstCmprCanvasSize
 .text.CVI_OSDC_DrawCmprCanvas
                0x00000000800a521c        0x4 /root/.jenkins/workspace/mars3_dev_daily_build/mars3_source/freertos/cvitek/install/lib/libdriver.a(cvi_osdc.c.obj)
                0x00000000800a521c                CVI_OSDC_DrawCmprCanvas
 .text.CVI_OSDC_SetRectObjAttr
                0x00000000800a5220        0x8 /root/.jenkins/workspace/mars3_dev_daily_build/mars3_source/freertos/cvitek/install/lib/libdriver.a(cvi_osdc.c.obj)
                0x00000000800a5220                CVI_OSDC_SetRectObjAttr
 .text.CVI_OSDC_SetBitmapObjAttr
                0x00000000800a5228        0x4 /root/.jenkins/workspace/mars3_dev_daily_build/mars3_source/freertos/cvitek/install/lib/libdriver.a(cvi_osdc.c.obj)
                0x00000000800a5228                CVI_OSDC_SetBitmapObjAttr
 .text.CVI_OSDC_SetLineObjAttr
                0x00000000800a522c        0x4 /root/.jenkins/workspace/mars3_dev_daily_build/mars3_source/freertos/cvitek/install/lib/libdriver.a(cvi_osdc.c.obj)
                0x00000000800a522c                CVI_OSDC_SetLineObjAttr
 .text.count_repeat_pixel
                0x00000000800a5230       0x84 /root/.jenkins/workspace/mars3_dev_daily_build/mars3_source/freertos/cvitek/install/lib/libdriver.a(cmpr_canvas.c.obj)
                0x00000000800a5230                count_repeat_pixel
 .text.recycle_obj_slices
                0x00000000800a52b4       0x78 /root/.jenkins/workspace/mars3_dev_daily_build/mars3_source/freertos/cvitek/install/lib/libdriver.a(cmpr_canvas.c.obj)
                0x00000000800a52b4                recycle_obj_slices
 .text.recycle_draw_obj
                0x00000000800a532c       0x78 /root/.jenkins/workspace/mars3_dev_daily_build/mars3_source/freertos/cvitek/install/lib/libdriver.a(cmpr_canvas.c.obj)
                0x00000000800a532c                recycle_draw_obj
 .text.obj_project_on_line
                0x00000000800a53a4      0x3dc /root/.jenkins/workspace/mars3_dev_daily_build/mars3_source/freertos/cvitek/install/lib/libdriver.a(cmpr_canvas.c.obj)
                0x00000000800a53a4                obj_project_on_line
 .text.draw_cmpr_init
                0x00000000800a5780       0xa0 /root/.jenkins/workspace/mars3_dev_daily_build/mars3_source/freertos/cvitek/install/lib/libdriver.a(cmpr_canvas.c.obj)
                0x00000000800a5780                draw_cmpr_init
 .text.draw_cmpr_pixel
                0x00000000800a5820       0x84 /root/.jenkins/workspace/mars3_dev_daily_build/mars3_source/freertos/cvitek/install/lib/libdriver.a(cmpr_canvas.c.obj)
                0x00000000800a5820                draw_cmpr_pixel
 .text.draw_cmpr_canvas_line
                0x00000000800a58a4      0x17a /root/.jenkins/workspace/mars3_dev_daily_build/mars3_source/freertos/cvitek/install/lib/libdriver.a(cmpr_canvas.c.obj)
                0x00000000800a58a4                draw_cmpr_canvas_line
 .text.plot_segments_on_line
                0x00000000800a5a1e      0x318 /root/.jenkins/workspace/mars3_dev_daily_build/mars3_source/freertos/cvitek/install/lib/libdriver.a(cmpr_canvas.c.obj)
                0x00000000800a5a1e                plot_segments_on_line
 .text.draw_cmpr_canvas
                0x00000000800a5d36      0x1b4 /root/.jenkins/workspace/mars3_dev_daily_build/mars3_source/freertos/cvitek/install/lib/libdriver.a(cmpr_canvas.c.obj)
                0x00000000800a5d36                draw_cmpr_canvas
 .text.set_rect_obj_attr
                0x00000000800a5eea       0xa4 /root/.jenkins/workspace/mars3_dev_daily_build/mars3_source/freertos/cvitek/install/lib/libdriver.a(cmpr_canvas.c.obj)
                0x00000000800a5eea                set_rect_obj_attr
 .text.set_line_obj_attr
                0x00000000800a5f8e      0x33c /root/.jenkins/workspace/mars3_dev_daily_build/mars3_source/freertos/cvitek/install/lib/libdriver.a(cmpr_canvas.c.obj)
                0x00000000800a5f8e                set_line_obj_attr
 .text.CVI_OSDC_est_cmpr_canvas_size
                0x00000000800a62ca       0x20 /root/.jenkins/workspace/mars3_dev_daily_build/mars3_source/freertos/cvitek/install/lib/libdriver.a(cmpr_canvas.c.obj)
                0x00000000800a62ca                CVI_OSDC_est_cmpr_canvas_size
 .text.CVI_OSDC_draw_cmpr_canvas
                0x00000000800a62ea        0x4 /root/.jenkins/workspace/mars3_dev_daily_build/mars3_source/freertos/cvitek/install/lib/libdriver.a(cmpr_canvas.c.obj)
                0x00000000800a62ea                CVI_OSDC_draw_cmpr_canvas
 .text.CVI_OSDC_set_rect_obj_attr
                0x00000000800a62ee       0xa4 /root/.jenkins/workspace/mars3_dev_daily_build/mars3_source/freertos/cvitek/install/lib/libdriver.a(cmpr_canvas.c.obj)
                0x00000000800a62ee                CVI_OSDC_set_rect_obj_attr
 .text.CVI_OSDC_set_bitmap_obj_attr
                0x00000000800a6392       0x88 /root/.jenkins/workspace/mars3_dev_daily_build/mars3_source/freertos/cvitek/install/lib/libdriver.a(cmpr_canvas.c.obj)
                0x00000000800a6392                CVI_OSDC_set_bitmap_obj_attr
 .text.CVI_OSDC_set_line_obj_attr
                0x00000000800a641a        0xa /root/.jenkins/workspace/mars3_dev_daily_build/mars3_source/freertos/cvitek/install/lib/libdriver.a(cmpr_canvas.c.obj)
                0x00000000800a641a                CVI_OSDC_set_line_obj_attr
 .text.init_stream
                0x00000000800a6424       0x1a /root/.jenkins/workspace/mars3_dev_daily_build/mars3_source/freertos/cvitek/install/lib/libdriver.a(osd_cmpr.c.obj)
                0x00000000800a6424                init_stream
 .text.write_stream
                0x00000000800a643e       0x86 /root/.jenkins/workspace/mars3_dev_daily_build/mars3_source/freertos/cvitek/install/lib/libdriver.a(osd_cmpr.c.obj)
                0x00000000800a643e                write_stream
 .text.get_color
                0x00000000800a64c4       0x96 /root/.jenkins/workspace/mars3_dev_daily_build/mars3_source/freertos/cvitek/install/lib/libdriver.a(osd_cmpr.c.obj)
                0x00000000800a64c4                get_color
 .text.palette_cache_init
                0x00000000800a655a       0x76 /root/.jenkins/workspace/mars3_dev_daily_build/mars3_source/freertos/cvitek/install/lib/libdriver.a(osd_cmpr.c.obj)
                0x00000000800a655a                palette_cache_init
 .text.palette_cache_lookup_color
                0x00000000800a65d0       0x92 /root/.jenkins/workspace/mars3_dev_daily_build/mars3_source/freertos/cvitek/install/lib/libdriver.a(osd_cmpr.c.obj)
                0x00000000800a65d0                palette_cache_lookup_color
 .text.enc_literal
                0x00000000800a6662       0xa8 /root/.jenkins/workspace/mars3_dev_daily_build/mars3_source/freertos/cvitek/install/lib/libdriver.a(osd_cmpr.c.obj)
                0x00000000800a6662                enc_literal
 .text.enc_mode_syntax
                0x00000000800a670a      0x228 /root/.jenkins/workspace/mars3_dev_daily_build/mars3_source/freertos/cvitek/install/lib/libdriver.a(osd_cmpr.c.obj)
                0x00000000800a670a                enc_mode_syntax
 .text.osd_cmpr_enc_header
                0x00000000800a6932       0xd4 /root/.jenkins/workspace/mars3_dev_daily_build/mars3_source/freertos/cvitek/install/lib/libdriver.a(osd_cmpr.c.obj)
                0x00000000800a6932                osd_cmpr_enc_header
 .text.osd_cmpr_enc_followed_run
                0x00000000800a6a06       0x90 /root/.jenkins/workspace/mars3_dev_daily_build/mars3_source/freertos/cvitek/install/lib/libdriver.a(osd_cmpr.c.obj)
                0x00000000800a6a06                osd_cmpr_enc_followed_run
 .text.osd_cmpr_enc_const_pixel
                0x00000000800a6a96       0xdc /root/.jenkins/workspace/mars3_dev_daily_build/mars3_source/freertos/cvitek/install/lib/libdriver.a(osd_cmpr.c.obj)
                0x00000000800a6a96                osd_cmpr_enc_const_pixel
 .text.osd_cmpr_frame_init
                0x00000000800a6b72       0x64 /root/.jenkins/workspace/mars3_dev_daily_build/mars3_source/freertos/cvitek/install/lib/libdriver.a(osd_cmpr.c.obj)
                0x00000000800a6b72                osd_cmpr_frame_init
 .text.osd_cmpr_get_pixel_sz
                0x00000000800a6bd6       0x10 /root/.jenkins/workspace/mars3_dev_daily_build/mars3_source/freertos/cvitek/install/lib/libdriver.a(osd_cmpr.c.obj)
                0x00000000800a6bd6                osd_cmpr_get_pixel_sz
 .text.osd_cmpr_get_header_sz
                0x00000000800a6be6        0x4 /root/.jenkins/workspace/mars3_dev_daily_build/mars3_source/freertos/cvitek/install/lib/libdriver.a(osd_cmpr.c.obj)
                0x00000000800a6be6                osd_cmpr_get_header_sz
 .text.hal_uart_init
                0x00000000800a6bea       0x94 /root/.jenkins/workspace/mars3_dev_daily_build/mars3_source/freertos/cvitek/install/lib/libhal.a(hal_uart_dw.c.obj)
                0x00000000800a6bea                hal_uart_init
 .text.hal_uart_putc
                0x00000000800a6c7e       0x16 /root/.jenkins/workspace/mars3_dev_daily_build/mars3_source/freertos/cvitek/install/lib/libhal.a(hal_uart_dw.c.obj)
                0x00000000800a6c7e                hal_uart_putc
 .text.prvInsertBlockIntoFreeList
                0x00000000800a6c94       0x50 /root/.jenkins/workspace/mars3_dev_daily_build/mars3_source/freertos/cvitek/install/lib/libkernel.a(heap_4.c.obj)
 .text.pvPortMalloc
                0x00000000800a6ce4      0x166 /root/.jenkins/workspace/mars3_dev_daily_build/mars3_source/freertos/cvitek/install/lib/libkernel.a(heap_4.c.obj)
                0x00000000800a6ce4                pvPortMalloc
 .text.vPortFree
                0x00000000800a6e4a       0x60 /root/.jenkins/workspace/mars3_dev_daily_build/mars3_source/freertos/cvitek/install/lib/libkernel.a(heap_4.c.obj)
                0x00000000800a6e4a                vPortFree
 .text.prvCopyDataToQueue
                0x00000000800a6eaa       0xa8 /root/.jenkins/workspace/mars3_dev_daily_build/mars3_source/freertos/cvitek/install/lib/libkernel.a(queue.c.obj)
 .text.prvUnlockQueue
                0x00000000800a6f52       0xc6 /root/.jenkins/workspace/mars3_dev_daily_build/mars3_source/freertos/cvitek/install/lib/libkernel.a(queue.c.obj)
 .text.xQueueGenericReset
                0x00000000800a7018       0x8a /root/.jenkins/workspace/mars3_dev_daily_build/mars3_source/freertos/cvitek/install/lib/libkernel.a(queue.c.obj)
                0x00000000800a7018                xQueueGenericReset
 .text.xQueueGenericCreateStatic
                0x00000000800a70a2       0x98 /root/.jenkins/workspace/mars3_dev_daily_build/mars3_source/freertos/cvitek/install/lib/libkernel.a(queue.c.obj)
                0x00000000800a70a2                xQueueGenericCreateStatic
 .text.xQueueGenericCreate
                0x00000000800a713a       0x6c /root/.jenkins/workspace/mars3_dev_daily_build/mars3_source/freertos/cvitek/install/lib/libkernel.a(queue.c.obj)
                0x00000000800a713a                xQueueGenericCreate
 .text.xQueueGenericSend
                0x00000000800a71a6      0x120 /root/.jenkins/workspace/mars3_dev_daily_build/mars3_source/freertos/cvitek/install/lib/libkernel.a(queue.c.obj)
                0x00000000800a71a6                xQueueGenericSend
 .text.xQueueGenericSendFromISR
                0x00000000800a72c6       0x84 /root/.jenkins/workspace/mars3_dev_daily_build/mars3_source/freertos/cvitek/install/lib/libkernel.a(queue.c.obj)
                0x00000000800a72c6                xQueueGenericSendFromISR
 .text.xQueueGiveFromISR
                0x00000000800a734a       0x5c /root/.jenkins/workspace/mars3_dev_daily_build/mars3_source/freertos/cvitek/install/lib/libkernel.a(queue.c.obj)
                0x00000000800a734a                xQueueGiveFromISR
 .text.xQueueReceive
                0x00000000800a73a6      0x132 /root/.jenkins/workspace/mars3_dev_daily_build/mars3_source/freertos/cvitek/install/lib/libkernel.a(queue.c.obj)
                0x00000000800a73a6                xQueueReceive
 .text.xQueueReceiveFromISR
                0x00000000800a74d8       0xa8 /root/.jenkins/workspace/mars3_dev_daily_build/mars3_source/freertos/cvitek/install/lib/libkernel.a(queue.c.obj)
                0x00000000800a74d8                xQueueReceiveFromISR
 .text.vQueueAddToRegistry
                0x00000000800a7580       0x7e /root/.jenkins/workspace/mars3_dev_daily_build/mars3_source/freertos/cvitek/install/lib/libkernel.a(queue.c.obj)
                0x00000000800a7580                vQueueAddToRegistry
 .text.vQueueWaitForMessageRestricted
                0x00000000800a75fe       0x74 /root/.jenkins/workspace/mars3_dev_daily_build/mars3_source/freertos/cvitek/install/lib/libkernel.a(queue.c.obj)
                0x00000000800a75fe                vQueueWaitForMessageRestricted
 .text.prvAddCurrentTaskToDelayedList
                0x00000000800a7672       0xec /root/.jenkins/workspace/mars3_dev_daily_build/mars3_source/freertos/cvitek/install/lib/libkernel.a(tasks.c.obj)
 .text.vTaskSwitchContext.part.0
                0x00000000800a775e       0xb0 /root/.jenkins/workspace/mars3_dev_daily_build/mars3_source/freertos/cvitek/install/lib/libkernel.a(tasks.c.obj)
 .text.prvInitialiseNewTask.constprop.0
                0x00000000800a780e       0xe8 /root/.jenkins/workspace/mars3_dev_daily_build/mars3_source/freertos/cvitek/install/lib/libkernel.a(tasks.c.obj)
 .text.prvIdleTask
                0x00000000800a78f6       0xd4 /root/.jenkins/workspace/mars3_dev_daily_build/mars3_source/freertos/cvitek/install/lib/libkernel.a(tasks.c.obj)
 .text.xTaskIncrementTick.part.0
                0x00000000800a79ca      0x1cc /root/.jenkins/workspace/mars3_dev_daily_build/mars3_source/freertos/cvitek/install/lib/libkernel.a(tasks.c.obj)
 .text.vTaskSuspendAll
                0x00000000800a7b96       0x10 /root/.jenkins/workspace/mars3_dev_daily_build/mars3_source/freertos/cvitek/install/lib/libkernel.a(tasks.c.obj)
                0x00000000800a7b96                vTaskSuspendAll
 .text.xTaskGetTickCount
                0x00000000800a7ba6        0xa /root/.jenkins/workspace/mars3_dev_daily_build/mars3_source/freertos/cvitek/install/lib/libkernel.a(tasks.c.obj)
                0x00000000800a7ba6                xTaskGetTickCount
 .text.xTaskIncrementTick
                0x00000000800a7bb0       0x2c /root/.jenkins/workspace/mars3_dev_daily_build/mars3_source/freertos/cvitek/install/lib/libkernel.a(tasks.c.obj)
                0x00000000800a7bb0                xTaskIncrementTick
 .text.vTaskSwitchContext
                0x00000000800a7bdc       0x1a /root/.jenkins/workspace/mars3_dev_daily_build/mars3_source/freertos/cvitek/install/lib/libkernel.a(tasks.c.obj)
                0x00000000800a7bdc                vTaskSwitchContext
 .text.vTaskPlaceOnEventList
                0x00000000800a7bf6       0x26 /root/.jenkins/workspace/mars3_dev_daily_build/mars3_source/freertos/cvitek/install/lib/libkernel.a(tasks.c.obj)
                0x00000000800a7bf6                vTaskPlaceOnEventList
 .text.vTaskPlaceOnEventListRestricted
                0x00000000800a7c1c       0x48 /root/.jenkins/workspace/mars3_dev_daily_build/mars3_source/freertos/cvitek/install/lib/libkernel.a(tasks.c.obj)
                0x00000000800a7c1c                vTaskPlaceOnEventListRestricted
 .text.xTaskRemoveFromEventList
                0x00000000800a7c64       0xe6 /root/.jenkins/workspace/mars3_dev_daily_build/mars3_source/freertos/cvitek/install/lib/libkernel.a(tasks.c.obj)
                0x00000000800a7c64                xTaskRemoveFromEventList
 .text.vTaskInternalSetTimeOutState
                0x00000000800a7d4a       0x16 /root/.jenkins/workspace/mars3_dev_daily_build/mars3_source/freertos/cvitek/install/lib/libkernel.a(tasks.c.obj)
                0x00000000800a7d4a                vTaskInternalSetTimeOutState
 .text.vTaskMissedYield
                0x00000000800a7d60        0xc /root/.jenkins/workspace/mars3_dev_daily_build/mars3_source/freertos/cvitek/install/lib/libkernel.a(tasks.c.obj)
                0x00000000800a7d60                vTaskMissedYield
 .text.xTaskPriorityDisinherit
                0x00000000800a7d6c       0xaa /root/.jenkins/workspace/mars3_dev_daily_build/mars3_source/freertos/cvitek/install/lib/libkernel.a(tasks.c.obj)
                0x00000000800a7d6c                xTaskPriorityDisinherit
 .text.vTaskEnterCritical
                0x00000000800a7e16       0x22 /root/.jenkins/workspace/mars3_dev_daily_build/mars3_source/freertos/cvitek/install/lib/libkernel.a(tasks.c.obj)
                0x00000000800a7e16                vTaskEnterCritical
 .text.vTaskExitCritical
                0x00000000800a7e38       0x2c /root/.jenkins/workspace/mars3_dev_daily_build/mars3_source/freertos/cvitek/install/lib/libkernel.a(tasks.c.obj)
                0x00000000800a7e38                vTaskExitCritical
 .text.prvAddNewTaskToReadyList
                0x00000000800a7e64      0x17a /root/.jenkins/workspace/mars3_dev_daily_build/mars3_source/freertos/cvitek/install/lib/libkernel.a(tasks.c.obj)
 .text.xTaskCreateStatic
                0x00000000800a7fde       0x3c /root/.jenkins/workspace/mars3_dev_daily_build/mars3_source/freertos/cvitek/install/lib/libkernel.a(tasks.c.obj)
                0x00000000800a7fde                xTaskCreateStatic
 .text.xTaskCreate
                0x00000000800a801a       0x7c /root/.jenkins/workspace/mars3_dev_daily_build/mars3_source/freertos/cvitek/install/lib/libkernel.a(tasks.c.obj)
                0x00000000800a801a                xTaskCreate
 .text.vTaskStartScheduler
                0x00000000800a8096       0x88 /root/.jenkins/workspace/mars3_dev_daily_build/mars3_source/freertos/cvitek/install/lib/libkernel.a(tasks.c.obj)
                0x00000000800a8096                vTaskStartScheduler
 .text.xTaskResumeAll
                0x00000000800a811e      0x1cc /root/.jenkins/workspace/mars3_dev_daily_build/mars3_source/freertos/cvitek/install/lib/libkernel.a(tasks.c.obj)
                0x00000000800a811e                xTaskResumeAll
 .text.vTaskDelay
                0x00000000800a82ea       0x30 /root/.jenkins/workspace/mars3_dev_daily_build/mars3_source/freertos/cvitek/install/lib/libkernel.a(tasks.c.obj)
                0x00000000800a82ea                vTaskDelay
 .text.xTaskCheckForTimeOut
                0x00000000800a831a       0xb2 /root/.jenkins/workspace/mars3_dev_daily_build/mars3_source/freertos/cvitek/install/lib/libkernel.a(tasks.c.obj)
                0x00000000800a831a                xTaskCheckForTimeOut
 .text.prvCheckForValidListAndQueue
                0x00000000800a83cc       0x82 /root/.jenkins/workspace/mars3_dev_daily_build/mars3_source/freertos/cvitek/install/lib/libkernel.a(timers.c.obj)
 .text.prvReloadTimer
                0x00000000800a844e       0x66 /root/.jenkins/workspace/mars3_dev_daily_build/mars3_source/freertos/cvitek/install/lib/libkernel.a(timers.c.obj)
 .text.prvProcessExpiredTimer
                0x00000000800a84b4       0x4e /root/.jenkins/workspace/mars3_dev_daily_build/mars3_source/freertos/cvitek/install/lib/libkernel.a(timers.c.obj)
 .text.prvTimerTask
                0x00000000800a8502      0x1fa /root/.jenkins/workspace/mars3_dev_daily_build/mars3_source/freertos/cvitek/install/lib/libkernel.a(timers.c.obj)
 .text.xTimerCreateTimerTask
                0x00000000800a86fc       0x52 /root/.jenkins/workspace/mars3_dev_daily_build/mars3_source/freertos/cvitek/install/lib/libkernel.a(timers.c.obj)
                0x00000000800a86fc                xTimerCreateTimerTask
 .text.vListInitialise
                0x00000000800a874e       0x14 /root/.jenkins/workspace/mars3_dev_daily_build/mars3_source/freertos/cvitek/install/lib/libkernel.a(list.c.obj)
                0x00000000800a874e                vListInitialise
 .text.vListInitialiseItem
                0x00000000800a8762        0x6 /root/.jenkins/workspace/mars3_dev_daily_build/mars3_source/freertos/cvitek/install/lib/libkernel.a(list.c.obj)
                0x00000000800a8762                vListInitialiseItem
 .text.vListInsert
                0x00000000800a8768       0x2e /root/.jenkins/workspace/mars3_dev_daily_build/mars3_source/freertos/cvitek/install/lib/libkernel.a(list.c.obj)
                0x00000000800a8768                vListInsert
 .text.uxListRemove
                0x00000000800a8796       0x32 /root/.jenkins/workspace/mars3_dev_daily_build/mars3_source/freertos/cvitek/install/lib/libkernel.a(list.c.obj)
                0x00000000800a8796                uxListRemove
 .text.vPortSetupTimerInterrupt
                0x00000000800a87c8       0x68 /root/.jenkins/workspace/mars3_dev_daily_build/mars3_source/freertos/cvitek/install/lib/libkernel.a(port.c.obj)
                0x00000000800a87c8                vPortSetupTimerInterrupt
 .text.xPortStartScheduler
                0x00000000800a8830       0x1e /root/.jenkins/workspace/mars3_dev_daily_build/mars3_source/freertos/cvitek/install/lib/libkernel.a(port.c.obj)
                0x00000000800a8830                xPortStartScheduler
 .text.arch_usleep
                0x00000000800a884e       0x1a /root/.jenkins/workspace/mars3_dev_daily_build/mars3_source/freertos/cvitek/install/lib/libarch.a(arch_sleep.c.obj)
                0x00000000800a884e                arch_usleep
 .text.CviAud_Algo_Init
                0x00000000800a8868       0xa4 audio/src/SSP_Algorithm_20220128/libssp.a(cviaudio_algo_interface.c.obj)
                0x00000000800a8868                CviAud_Algo_Init
 .text.CviAud_Algo_Process
                0x00000000800a890c       0x6c audio/src/SSP_Algorithm_20220128/libssp.a(cviaudio_algo_interface.c.obj)
                0x00000000800a890c                CviAud_Algo_Process
 .text.CviAud_Algo_Fun_Config
                0x00000000800a8978       0x40 audio/src/SSP_Algorithm_20220128/libssp.a(cviaudio_algo_interface.c.obj)
                0x00000000800a8978                CviAud_Algo_Fun_Config
 .text.CviAud_Algo_DeInit
                0x00000000800a89b8       0x38 audio/src/SSP_Algorithm_20220128/libssp.a(cviaudio_algo_interface.c.obj)
                0x00000000800a89b8                CviAud_Algo_DeInit
 .text.audio_ssp_init
                0x00000000800a89f0      0x37a audio/src/SSP_Algorithm_20220128/libssp.a(cvi_ssp_interface.c.obj)
                0x00000000800a89f0                audio_ssp_init
 .text.audio_ssp_fun_config
                0x00000000800a8d6a       0x82 audio/src/SSP_Algorithm_20220128/libssp.a(cvi_ssp_interface.c.obj)
                0x00000000800a8d6a                audio_ssp_fun_config
 .text.audio_ssp_process
                0x00000000800a8dec      0x4e4 audio/src/SSP_Algorithm_20220128/libssp.a(cvi_ssp_interface.c.obj)
                0x00000000800a8dec                audio_ssp_process
 .text.audio_ssp_deinit
                0x00000000800a92d0       0xde audio/src/SSP_Algorithm_20220128/libssp.a(cvi_ssp_interface.c.obj)
                0x00000000800a92d0                audio_ssp_deinit
 .text.DC_remover_init
                0x00000000800a93ae       0x46 audio/src/SSP_Algorithm_20220128/libssp.a(dc.c.obj)
                0x00000000800a93ae                DC_remover_init
 .text.DC_remover
                0x00000000800a93f4      0x106 audio/src/SSP_Algorithm_20220128/libssp.a(dc.c.obj)
                0x00000000800a93f4                DC_remover
 .text.delay_para
                0x00000000800a94fa       0x26 audio/src/SSP_Algorithm_20220128/libssp.a(delay.c.obj)
                0x00000000800a94fa                delay_para
 .text.delay_init
                0x00000000800a9520       0x82 audio/src/SSP_Algorithm_20220128/libssp.a(delay.c.obj)
                0x00000000800a9520                delay_init
 .text.delay_free
                0x00000000800a95a2       0x1a audio/src/SSP_Algorithm_20220128/libssp.a(delay.c.obj)
                0x00000000800a95a2                delay_free
 .text.delay_ref
                0x00000000800a95bc       0x52 audio/src/SSP_Algorithm_20220128/libssp.a(delay.c.obj)
                0x00000000800a95bc                delay_ref
 .text.DG_para  0x00000000800a960e       0x58 audio/src/SSP_Algorithm_20220128/libssp.a(dg.c.obj)
                0x00000000800a960e                DG_para
 .text.apply_DG
                0x00000000800a9666       0x88 audio/src/SSP_Algorithm_20220128/libssp.a(dg.c.obj)
                0x00000000800a9666                apply_DG
 .text.compen_DG
                0x00000000800a96ee       0xbc audio/src/SSP_Algorithm_20220128/libssp.a(dg.c.obj)
                0x00000000800a96ee                compen_DG
 .text.LP_AEC_para
                0x00000000800a97aa       0x42 audio/src/SSP_Algorithm_20220128/libssp.a(lpaec.c.obj)
                0x00000000800a97aa                LP_AEC_para
 .text.LP_AEC_init
                0x00000000800a97ec      0x4d8 audio/src/SSP_Algorithm_20220128/libssp.a(lpaec.c.obj)
                0x00000000800a97ec                LP_AEC_init
 .text.echo_state_reset
                0x00000000800a9cc4      0x12c audio/src/SSP_Algorithm_20220128/libssp.a(lpaec.c.obj)
                0x00000000800a9cc4                echo_state_reset
 .text.LP_AEC_free
                0x00000000800a9df0       0xb8 audio/src/SSP_Algorithm_20220128/libssp.a(lpaec.c.obj)
                0x00000000800a9df0                LP_AEC_free
 .text.LP_AEC   0x00000000800a9ea8      0xcd8 audio/src/SSP_Algorithm_20220128/libssp.a(lpaec.c.obj)
                0x00000000800a9ea8                LP_AEC
 .text.DC_filter
                0x00000000800aab80       0x78 audio/src/SSP_Algorithm_20220128/libssp.a(lpaec_subfun.c.obj)
                0x00000000800aab80                DC_filter
 .text.inner_prod
                0x00000000800aabf8       0x46 audio/src/SSP_Algorithm_20220128/libssp.a(lpaec_subfun.c.obj)
                0x00000000800aabf8                inner_prod
 .text.bin_power_spectrum
                0x00000000800aac3e       0x7e audio/src/SSP_Algorithm_20220128/libssp.a(lpaec_subfun.c.obj)
                0x00000000800aac3e                bin_power_spectrum
 .text.accum_power_spectrum
                0x00000000800aacbc       0x92 audio/src/SSP_Algorithm_20220128/libssp.a(lpaec_subfun.c.obj)
                0x00000000800aacbc                accum_power_spectrum
 .text.accum_spectral_mul
                0x00000000800aad4e       0xf0 audio/src/SSP_Algorithm_20220128/libssp.a(lpaec_subfun.c.obj)
                0x00000000800aad4e                accum_spectral_mul
 .text.weighted_gradient_phi
                0x00000000800aae3e       0xd2 audio/src/SSP_Algorithm_20220128/libssp.a(lpaec_subfun.c.obj)
                0x00000000800aae3e                weighted_gradient_phi
 .text.aec_adjust_prop
                0x00000000800aaf10      0x114 audio/src/SSP_Algorithm_20220128/libssp.a(lpaec_subfun.c.obj)
                0x00000000800aaf10                aec_adjust_prop
 .text.NR       0x00000000800ab024      0xccc audio/src/SSP_Algorithm_20220128/libssp.a(mmse.c.obj)
                0x00000000800ab024                NR
 .text.NR_para  0x00000000800abcf0      0x11c audio/src/SSP_Algorithm_20220128/libssp.a(mmse_init.c.obj)
                0x00000000800abcf0                NR_para
 .text.NR_init  0x00000000800abe0c      0x2da audio/src/SSP_Algorithm_20220128/libssp.a(mmse_init.c.obj)
                0x00000000800abe0c                NR_init
 .text.NR_free  0x00000000800ac0e6       0x62 audio/src/SSP_Algorithm_20220128/libssp.a(mmse_init.c.obj)
                0x00000000800ac0e6                NR_free
 .text.NLP_AES_para
                0x00000000800ac148       0x76 audio/src/SSP_Algorithm_20220128/libssp.a(nlpaes.c.obj)
                0x00000000800ac148                NLP_AES_para
 .text.NLP_AES_init
                0x00000000800ac1be      0x2ba audio/src/SSP_Algorithm_20220128/libssp.a(nlpaes.c.obj)
                0x00000000800ac1be                NLP_AES_init
 .text.NLP_AES_free
                0x00000000800ac478       0x86 audio/src/SSP_Algorithm_20220128/libssp.a(nlpaes.c.obj)
                0x00000000800ac478                NLP_AES_free
 .text.std_residual_echo
                0x00000000800ac4fe      0x328 audio/src/SSP_Algorithm_20220128/libssp.a(nlpaes.c.obj)
                0x00000000800ac4fe                std_residual_echo
 .text.NLP_AES  0x00000000800ac826      0x86c audio/src/SSP_Algorithm_20220128/libssp.a(nlpaes.c.obj)
                0x00000000800ac826                NLP_AES
 .text.filterbank_create
                0x00000000800ad092      0x20c audio/src/SSP_Algorithm_20220128/libssp.a(nlpaes_subfun.c.obj)
                0x00000000800ad092                filterbank_create
 .text.filterbank_free
                0x00000000800ad29e       0x2c audio/src/SSP_Algorithm_20220128/libssp.a(nlpaes_subfun.c.obj)
                0x00000000800ad29e                filterbank_free
 .text.filterbank_linear2sb
                0x00000000800ad2ca       0x7c audio/src/SSP_Algorithm_20220128/libssp.a(nlpaes_subfun.c.obj)
                0x00000000800ad2ca                filterbank_linear2sb
 .text.filterbank_sb2linear
                0x00000000800ad346       0x58 audio/src/SSP_Algorithm_20220128/libssp.a(nlpaes_subfun.c.obj)
                0x00000000800ad346                filterbank_sb2linear
 .text.aes_conj_window
                0x00000000800ad39e      0x132 audio/src/SSP_Algorithm_20220128/libssp.a(nlpaes_subfun.c.obj)
                0x00000000800ad39e                aes_conj_window
 .text.aes_hypergeom_gain
                0x00000000800ad4d0       0xc6 audio/src/SSP_Algorithm_20220128/libssp.a(nlpaes_subfun.c.obj)
                0x00000000800ad4d0                aes_hypergeom_gain
 .text.aes_qcurve
                0x00000000800ad596       0x1e audio/src/SSP_Algorithm_20220128/libssp.a(nlpaes_subfun.c.obj)
                0x00000000800ad596                aes_qcurve
 .text.aes_gain_floor
                0x00000000800ad5b4       0x98 audio/src/SSP_Algorithm_20220128/libssp.a(nlpaes_subfun.c.obj)
                0x00000000800ad5b4                aes_gain_floor
 .text.aes_analysis
                0x00000000800ad64c      0x16c audio/src/SSP_Algorithm_20220128/libssp.a(nlpaes_subfun.c.obj)
                0x00000000800ad64c                aes_analysis
 .text.notch_para
                0x00000000800ad7b8       0x48 audio/src/SSP_Algorithm_20220128/libssp.a(notch.c.obj)
                0x00000000800ad7b8                notch_para
 .text.notch_init
                0x00000000800ad800       0x1a audio/src/SSP_Algorithm_20220128/libssp.a(notch.c.obj)
                0x00000000800ad800                notch_init
 .text.notch_filter
                0x00000000800ad81a      0x16a audio/src/SSP_Algorithm_20220128/libssp.a(notch.c.obj)
                0x00000000800ad81a                notch_filter
 .text.speech_fft_init
                0x00000000800ad984       0x2e audio/src/SSP_Algorithm_20220128/libssp.a(packfft.c.obj)
                0x00000000800ad984                speech_fft_init
 .text.speech_fft_free
                0x00000000800ad9b2       0x18 audio/src/SSP_Algorithm_20220128/libssp.a(packfft.c.obj)
                0x00000000800ad9b2                speech_fft_free
 .text.speech_fft
                0x00000000800ad9ca       0x6c audio/src/SSP_Algorithm_20220128/libssp.a(packfft.c.obj)
                0x00000000800ad9ca                speech_fft
 .text.speech_ifft
                0x00000000800ada36       0x2c audio/src/SSP_Algorithm_20220128/libssp.a(packfft.c.obj)
                0x00000000800ada36                speech_ifft
 .text.c_power  0x00000000800ada62       0x2c audio/src/SSP_Algorithm_20220128/libssp.a(power.c.obj)
                0x00000000800ada62                c_power
 .text.d_power  0x00000000800ada8e       0x3a audio/src/SSP_Algorithm_20220128/libssp.a(power.c.obj)
                0x00000000800ada8e                d_power
 .text.slope_detection
                0x00000000800adac8       0xbc audio/src/SSP_Algorithm_20220128/libssp.a(slope_detection.c.obj)
                0x00000000800adac8                slope_detection
 .text.c_sum    0x00000000800adb84       0x2e audio/src/SSP_Algorithm_20220128/libssp.a(sum.c.obj)
                0x00000000800adb84                c_sum
 .text.a_abs    0x00000000800adbb2       0x4a audio/src/SSP_Algorithm_20220128/libssp.a(abs.c.obj)
                0x00000000800adbb2                a_abs
 .text.AGC      0x00000000800adbfc      0x462 audio/src/SSP_Algorithm_20220128/libssp.a(agc.c.obj)
                0x00000000800adbfc                AGC
 .text.AGC_init
                0x00000000800ae05e       0x8e audio/src/SSP_Algorithm_20220128/libssp.a(agc_init.c.obj)
                0x00000000800ae05e                AGC_init
 .text.AGC_para
                0x00000000800ae0ec      0x1f4 audio/src/SSP_Algorithm_20220128/libssp.a(agc_init.c.obj)
                0x00000000800ae0ec                AGC_para
 .text.envelope
                0x00000000800ae2e0       0x56 audio/src/SSP_Algorithm_20220128/libssp.a(agc_subfun.c.obj)
                0x00000000800ae2e0                envelope
 .text.update_gain
                0x00000000800ae336       0x42 audio/src/SSP_Algorithm_20220128/libssp.a(agc_subfun.c.obj)
                0x00000000800ae336                update_gain
 .text.bessel_function
                0x00000000800ae378      0x11e audio/src/SSP_Algorithm_20220128/libssp.a(bessel.c.obj)
                0x00000000800ae378                bessel_function
 .text.db_to_linear
                0x00000000800ae496       0x3e audio/src/SSP_Algorithm_20220128/libssp.a(db2linear.c.obj)
                0x00000000800ae496                db_to_linear
 .text.dr_detection
                0x00000000800ae4d4      0x18c audio/src/SSP_Algorithm_20220128/libssp.a(dr_detection.c.obj)
                0x00000000800ae4d4                dr_detection
 .text.dradf2   0x00000000800ae660      0x174 audio/src/SSP_Algorithm_20220128/libssp.a(fftcore.c.obj)
 .text.dradf4   0x00000000800ae7d4      0x30a audio/src/SSP_Algorithm_20220128/libssp.a(fftcore.c.obj)
 .text.dradb2   0x00000000800aeade      0x174 audio/src/SSP_Algorithm_20220128/libssp.a(fftcore.c.obj)
 .text.dradb3   0x00000000800aec52      0x1cc audio/src/SSP_Algorithm_20220128/libssp.a(fftcore.c.obj)
 .text.dradb4   0x00000000800aee1e      0x302 audio/src/SSP_Algorithm_20220128/libssp.a(fftcore.c.obj)
 .text.dradfg   0x00000000800af120      0x8f6 audio/src/SSP_Algorithm_20220128/libssp.a(fftcore.c.obj)
 .text.dradbg   0x00000000800afa16      0x7fc audio/src/SSP_Algorithm_20220128/libssp.a(fftcore.c.obj)
 .text.core_drft_forward
                0x00000000800b0212      0x174 audio/src/SSP_Algorithm_20220128/libssp.a(fftcore.c.obj)
                0x00000000800b0212                core_drft_forward
 .text.core_drft_backward
                0x00000000800b0386      0x190 audio/src/SSP_Algorithm_20220128/libssp.a(fftcore.c.obj)
                0x00000000800b0386                core_drft_backward
 .text.core_drft_init
                0x00000000800b0516      0x20a audio/src/SSP_Algorithm_20220128/libssp.a(fftcore.c.obj)
                0x00000000800b0516                core_drft_init
 .text.core_drft_clear
                0x00000000800b0720       0x2a audio/src/SSP_Algorithm_20220128/libssp.a(fftcore.c.obj)
                0x00000000800b0720                core_drft_clear
 .text.b_log    0x00000000800b074a       0x32 audio/src/SSP_Algorithm_20220128/libssp.a(log.c.obj)
                0x00000000800b074a                b_log
 .text.rt_hypotf
                0x00000000800b077c       0xc2 audio/src/SSP_Algorithm_20220128/libssp.a(mmse_rtwutil.c.obj)
                0x00000000800b077c                rt_hypotf
 *(.gnu.linkonce.t.*)
 *(.plt)
 *(.gnu_warning)
 *(.gcc_execpt_table)
 *(.glue_7)
 *(.glue_7t)
 *(.ARM.extab)
 *(.gnu.linkonce.armextab.*)

.init
 *(.init)

.fini
 *(.fini)

.interp
 *(.interp)

.note-ABI-tag
 *(.note-ABI-tag)

.rodata         0x00000000800b0840     0x2680
                0x00000000800b0840                . = ALIGN (0x40)
 *fill*         0x00000000800b0840        0x0 
                0x00000000800b0840                __rodata_start = .
 *(.rodata)
 .rodata        0x00000000800b0840      0x12b rgn/librgn.a(rgn_main.c.obj)
 *fill*         0x00000000800b096b        0x5 
 .rodata        0x00000000800b0970      0x719 audio/libaudio.a(audio_main.c.obj)
 *fill*         0x00000000800b1089        0x7 
 .rodata        0x00000000800b1090       0x10 /home/dscripts/host-tools/gcc/riscv64-elf-x86_64/bin/../lib/gcc/riscv64-unknown-elf/10.2.0/../../../../riscv64-unknown-elf/lib/rv64imafdc/lp64d/libm.a(lib_a-s_rint.o)
 .rodata        0x00000000800b10a0      0x100 /home/dscripts/host-tools/gcc/riscv64-elf-x86_64/bin/../lib/gcc/riscv64-unknown-elf/10.2.0/rv64imafdc/lp64d/libgcc.a(_clz.o)
                0x00000000800b10a0                __clz_tab
 .rodata        0x00000000800b11a0       0x40 /home/dscripts/host-tools/gcc/riscv64-elf-x86_64/bin/../lib/gcc/riscv64-unknown-elf/10.2.0/../../../../riscv64-unknown-elf/lib/rv64imafdc/lp64d/libm.a(lib_a-s_atan.o)
 .rodata        0x00000000800b11e0       0x30 /home/dscripts/host-tools/gcc/riscv64-elf-x86_64/bin/../lib/gcc/riscv64-unknown-elf/10.2.0/../../../../riscv64-unknown-elf/lib/rv64imafdc/lp64d/libm.a(lib_a-e_atan2.o)
 .rodata        0x00000000800b1210       0x30 /home/dscripts/host-tools/gcc/riscv64-elf-x86_64/bin/../lib/gcc/riscv64-unknown-elf/10.2.0/../../../../riscv64-unknown-elf/lib/rv64imafdc/lp64d/libm.a(lib_a-e_exp.o)
 .rodata        0x00000000800b1240      0x188 /home/dscripts/host-tools/gcc/riscv64-elf-x86_64/bin/../lib/gcc/riscv64-unknown-elf/10.2.0/../../../../riscv64-unknown-elf/lib/rv64imafdc/lp64d/libm.a(lib_a-e_rem_pio2.o)
 .rodata        0x00000000800b13c8       0x50 /home/dscripts/host-tools/gcc/riscv64-elf-x86_64/bin/../lib/gcc/riscv64-unknown-elf/10.2.0/../../../../riscv64-unknown-elf/lib/rv64imafdc/lp64d/libm.a(lib_a-k_rem_pio2.o)
 *(.rodata.*)
 .rodata.main.str1.8
                0x00000000800b1418       0x44 main/CMakeFiles/cvirtos.elf.dir/src/main.c.obj
 *fill*         0x00000000800b145c        0x4 
 .rodata.vApplicationMallocFailedHook.str1.8
                0x00000000800b1460       0x1e main/CMakeFiles/cvirtos.elf.dir/src/main.c.obj
 *fill*         0x00000000800b147e        0x2 
 .rodata.vApplicationStackOverflowHook.str1.8
                0x00000000800b1480        0x7 main/CMakeFiles/cvirtos.elf.dir/src/main.c.obj
 *fill*         0x00000000800b1487        0x1 
 .rodata.__func__.4
                0x00000000800b1488       0x1e main/CMakeFiles/cvirtos.elf.dir/src/main.c.obj
 *fill*         0x00000000800b14a6        0x2 
 .rodata.prvCmdQuRunTask.str1.8
                0x00000000800b14a8       0x7f comm/libcomm.a(comm_main.c.obj)
 *fill*         0x00000000800b1527        0x1 
 .rodata.prvCmdQuRunTask
                0x00000000800b1528       0x2c comm/libcomm.a(comm_main.c.obj)
 *fill*         0x00000000800b1554        0x4 
 .rodata.prvQueueISR.str1.8
                0x00000000800b1558       0x4b comm/libcomm.a(comm_main.c.obj)
 *fill*         0x00000000800b15a3        0x1 
 .rodata.prvQueueISR
                0x00000000800b15a4       0x20 comm/libcomm.a(comm_main.c.obj)
 *fill*         0x00000000800b15c4        0x4 
 .rodata.main_cvirtos.str1.8
                0x00000000800b15c8       0x20 comm/libcomm.a(comm_main.c.obj)
 .rodata.__func__.0
                0x00000000800b15e8        0xe rgn/librgn.a(rgn_main.c.obj)
 *fill*         0x00000000800b15f6        0x2 
 .rodata.prvAudioRunTask
                0x00000000800b15f8       0x3c audio/libaudio.a(audio_main.c.obj)
 *fill*         0x00000000800b1634        0x4 
 .rodata.__func__.0
                0x00000000800b1638       0x26 audio/libaudio.a(audio_main.c.obj)
 *fill*         0x00000000800b165e        0x2 
 .rodata.__func__.1
                0x00000000800b1660       0x10 audio/libaudio.a(audio_main.c.obj)
 .rodata.printf.str1.8
                0x00000000800b1670        0x9 /root/.jenkins/workspace/mars3_dev_daily_build/mars3_source/freertos/cvitek/install/lib/libcommon.a(printf.c.obj)
 *fill*         0x00000000800b1679        0x3 
 .rodata.vsnprintf
                0x00000000800b167c       0x58 /root/.jenkins/workspace/mars3_dev_daily_build/mars3_source/freertos/cvitek/install/lib/libcommon.a(snprintf.c.obj)
 *fill*         0x00000000800b16d4        0x4 
 .rodata.plic_unmask_irq.str1.8
                0x00000000800b16d8       0x16 /root/.jenkins/workspace/mars3_dev_daily_build/mars3_source/freertos/cvitek/install/lib/libdriver.a(system.c.obj)
 *fill*         0x00000000800b16ee        0x2 
 .rodata.GetCommInfo.str1.8
                0x00000000800b16f0       0x33 /root/.jenkins/workspace/mars3_dev_daily_build/mars3_source/freertos/cvitek/install/lib/libdriver.a(system.c.obj)
 *fill*         0x00000000800b1723        0x5 
 .rodata.post_system_init.str1.8
                0x00000000800b1728       0x17 /root/.jenkins/workspace/mars3_dev_daily_build/mars3_source/freertos/cvitek/install/lib/libdriver.a(system.c.obj)
 *fill*         0x00000000800b173f        0x1 
 .rodata.pre_system_init.str1.8
                0x00000000800b1740       0x16 /root/.jenkins/workspace/mars3_dev_daily_build/mars3_source/freertos/cvitek/install/lib/libdriver.a(system.c.obj)
 *fill*         0x00000000800b1756        0x2 
 .rodata.do_irq.str1.8
                0x00000000800b1758       0x16 /root/.jenkins/workspace/mars3_dev_daily_build/mars3_source/freertos/cvitek/install/lib/libdriver.a(system.c.obj)
 *fill*         0x00000000800b176e        0x2 
 .rodata.dump_uart_init.str1.8
                0x00000000800b1770       0x60 /root/.jenkins/workspace/mars3_dev_daily_build/mars3_source/freertos/cvitek/install/lib/libdriver.a(uart.c.obj)
 .rodata.uart_put_buff.str1.8
                0x00000000800b17d0        0x5 /root/.jenkins/workspace/mars3_dev_daily_build/mars3_source/freertos/cvitek/install/lib/libdriver.a(uart.c.obj)
 *fill*         0x00000000800b17d5        0x3 
 .rodata.cvi_spinlock_init.str1.8
                0x00000000800b17d8       0x2f /root/.jenkins/workspace/mars3_dev_daily_build/mars3_source/freertos/cvitek/install/lib/libdriver.a(cvi_spinlock.c.obj)
 *fill*         0x00000000800b1807        0x1 
 .rodata.hw_spin_lock.str1.8
                0x00000000800b1808       0x18 /root/.jenkins/workspace/mars3_dev_daily_build/mars3_source/freertos/cvitek/install/lib/libdriver.a(cvi_spinlock.c.obj)
 .rodata._hw_raw_spin_lock_irqsave.str1.8
                0x00000000800b1820       0x30 /root/.jenkins/workspace/mars3_dev_daily_build/mars3_source/freertos/cvitek/install/lib/libdriver.a(cvi_spinlock.c.obj)
 .rodata._hw_raw_spin_unlock_irqrestore.str1.8
                0x00000000800b1850       0x32 /root/.jenkins/workspace/mars3_dev_daily_build/mars3_source/freertos/cvitek/install/lib/libdriver.a(cvi_spinlock.c.obj)
 *fill*         0x00000000800b1882        0x6 
 .rodata.__func__.0
                0x00000000800b1888       0x12 /root/.jenkins/workspace/mars3_dev_daily_build/mars3_source/freertos/cvitek/install/lib/libdriver.a(cvi_spinlock.c.obj)
 *fill*         0x00000000800b189a        0x6 
 .rodata.osd_cmpr_frame_init.str1.8
                0x00000000800b18a0       0x19 /root/.jenkins/workspace/mars3_dev_daily_build/mars3_source/freertos/cvitek/install/lib/libdriver.a(osd_cmpr.c.obj)
 *fill*         0x00000000800b18b9        0x7 
 .rodata.__func__.1
                0x00000000800b18c0       0x14 /root/.jenkins/workspace/mars3_dev_daily_build/mars3_source/freertos/cvitek/install/lib/libdriver.a(osd_cmpr.c.obj)
 *fill*         0x00000000800b18d4        0x4 
 .rodata.vTaskStartScheduler.str1.8
                0x00000000800b18d8        0x5 /root/.jenkins/workspace/mars3_dev_daily_build/mars3_source/freertos/cvitek/install/lib/libkernel.a(tasks.c.obj)
 *fill*         0x00000000800b18dd        0x3 
 .rodata.prvCheckForValidListAndQueue.str1.8
                0x00000000800b18e0        0x5 /root/.jenkins/workspace/mars3_dev_daily_build/mars3_source/freertos/cvitek/install/lib/libkernel.a(timers.c.obj)
 *fill*         0x00000000800b18e5        0x3 
 .rodata.prvTimerTask
                0x00000000800b18e8       0x28 /root/.jenkins/workspace/mars3_dev_daily_build/mars3_source/freertos/cvitek/install/lib/libkernel.a(timers.c.obj)
 .rodata.xTimerCreateTimerTask.str1.8
                0x00000000800b1910        0x8 /root/.jenkins/workspace/mars3_dev_daily_build/mars3_source/freertos/cvitek/install/lib/libkernel.a(timers.c.obj)
 .rodata.str1.8
                0x00000000800b1918        0x8 /home/dscripts/host-tools/gcc/riscv64-elf-x86_64/bin/../lib/gcc/riscv64-unknown-elf/10.2.0/../../../../riscv64-unknown-elf/lib/rv64imafdc/lp64d/libm.a(lib_a-e_pow.o)
                                          0x1 (size before relaxing)
 .rodata.CviAud_Algo_Process.str1.8
                0x00000000800b1918       0x6a audio/src/SSP_Algorithm_20220128/libssp.a(cviaudio_algo_interface.c.obj)
 *fill*         0x00000000800b1982        0x6 
 .rodata.CviAud_Algo_DeInit.str1.8
                0x00000000800b1988       0x29 audio/src/SSP_Algorithm_20220128/libssp.a(cviaudio_algo_interface.c.obj)
 *fill*         0x00000000800b19b1        0x7 
 .rodata.__func__.2
                0x00000000800b19b8       0x13 audio/src/SSP_Algorithm_20220128/libssp.a(cviaudio_algo_interface.c.obj)
 *fill*         0x00000000800b19cb        0x5 
 .rodata.__func__.3
                0x00000000800b19d0       0x17 audio/src/SSP_Algorithm_20220128/libssp.a(cviaudio_algo_interface.c.obj)
 *fill*         0x00000000800b19e7        0x1 
 .rodata.__func__.4
                0x00000000800b19e8       0x14 audio/src/SSP_Algorithm_20220128/libssp.a(cviaudio_algo_interface.c.obj)
 *fill*         0x00000000800b19fc        0x4 
 .rodata.audio_ssp_init.str1.8
                0x00000000800b1a00      0x2e6 audio/src/SSP_Algorithm_20220128/libssp.a(cvi_ssp_interface.c.obj)
 *fill*         0x00000000800b1ce6        0x2 
 .rodata.audio_ssp_fun_config.str1.8
                0x00000000800b1ce8       0x77 audio/src/SSP_Algorithm_20220128/libssp.a(cvi_ssp_interface.c.obj)
 *fill*         0x00000000800b1d5f        0x1 
 .rodata.audio_ssp_process.str1.8
                0x00000000800b1d60       0xba audio/src/SSP_Algorithm_20220128/libssp.a(cvi_ssp_interface.c.obj)
 *fill*         0x00000000800b1e1a        0x6 
 .rodata.audio_ssp_deinit.str1.8
                0x00000000800b1e20       0x60 audio/src/SSP_Algorithm_20220128/libssp.a(cvi_ssp_interface.c.obj)
                                         0x5b (size before relaxing)
 .rodata.__func__.3
                0x00000000800b1e80       0x11 audio/src/SSP_Algorithm_20220128/libssp.a(cvi_ssp_interface.c.obj)
 *fill*         0x00000000800b1e91        0x7 
 .rodata.__func__.4
                0x00000000800b1e98       0x15 audio/src/SSP_Algorithm_20220128/libssp.a(cvi_ssp_interface.c.obj)
 *fill*         0x00000000800b1ead        0x3 
 .rodata.__func__.5
                0x00000000800b1eb0        0xf audio/src/SSP_Algorithm_20220128/libssp.a(cvi_ssp_interface.c.obj)
 *fill*         0x00000000800b1ebf        0x1 
 .rodata.dg_boost_tab.0
                0x00000000800b1ec0       0x30 audio/src/SSP_Algorithm_20220128/libssp.a(dg.c.obj)
 .rodata.dg_cut_tab.1
                0x00000000800b1ef0       0x30 audio/src/SSP_Algorithm_20220128/libssp.a(dg.c.obj)
 .rodata.fv0.1  0x00000000800b1f20      0x500 audio/src/SSP_Algorithm_20220128/libssp.a(mmse_init.c.obj)
 .rodata.fv1.0  0x00000000800b2420      0x500 audio/src/SSP_Algorithm_20220128/libssp.a(mmse_init.c.obj)
 .rodata.table.0
                0x00000000800b2920       0x54 audio/src/SSP_Algorithm_20220128/libssp.a(nlpaes_subfun.c.obj)
 *fill*         0x00000000800b2974        0x4 
 .rodata.agc_gain_table.0
                0x00000000800b2978        0xe audio/src/SSP_Algorithm_20220128/libssp.a(agc_init.c.obj)
 *fill*         0x00000000800b2986        0x2 
 .rodata.ntryh.1
                0x00000000800b2988       0x10 audio/src/SSP_Algorithm_20220128/libssp.a(fftcore.c.obj)
 .rodata.str1.8
                0x00000000800b2998        0x1 /home/dscripts/host-tools/gcc/riscv64-elf-x86_64/bin/../lib/gcc/riscv64-unknown-elf/10.2.0/../../../../riscv64-unknown-elf/lib/rv64imafdc/lp64d/libm.a(lib_a-w_log.o)
 *(.srodata*)
 .srodata.cst8  0x00000000800b2998       0x18 /root/.jenkins/workspace/mars3_dev_daily_build/mars3_source/freertos/cvitek/install/lib/libdriver.a(system.c.obj)
 .srodata.cst8  0x00000000800b29b0       0x10 /root/.jenkins/workspace/mars3_dev_daily_build/mars3_source/freertos/cvitek/install/lib/libdriver.a(cmpr_canvas.c.obj)
 .srodata.cst4  0x00000000800b29c0        0x4 /root/.jenkins/workspace/mars3_dev_daily_build/mars3_source/freertos/cvitek/install/lib/libdriver.a(cmpr_canvas.c.obj)
 *fill*         0x00000000800b29c4        0x4 
 .srodata.uxTimerIncrementsForOneTick
                0x00000000800b29c8        0x8 /root/.jenkins/workspace/mars3_dev_daily_build/mars3_source/freertos/cvitek/install/lib/libkernel.a(port.c.obj)
                0x00000000800b29c8                uxTimerIncrementsForOneTick
 .srodata.xISRStackTop
                0x00000000800b29d0        0x8 /root/.jenkins/workspace/mars3_dev_daily_build/mars3_source/freertos/cvitek/install/lib/libkernel.a(port.c.obj)
                0x00000000800b29d0                xISRStackTop
 .srodata.cst8  0x00000000800b29d8       0x10 /home/dscripts/host-tools/gcc/riscv64-elf-x86_64/bin/../lib/gcc/riscv64-unknown-elf/10.2.0/../../../../riscv64-unknown-elf/lib/rv64imafdc/lp64d/libm.a(lib_a-w_pow.o)
                                         0x18 (size before relaxing)
 .srodata.cst8  0x00000000800b29e8      0x100 /home/dscripts/host-tools/gcc/riscv64-elf-x86_64/bin/../lib/gcc/riscv64-unknown-elf/10.2.0/../../../../riscv64-unknown-elf/lib/rv64imafdc/lp64d/libm.a(lib_a-e_pow.o)
                                        0x110 (size before relaxing)
 .srodata.cst8  0x00000000800b2ae8        0x8 /home/dscripts/host-tools/gcc/riscv64-elf-x86_64/bin/../lib/gcc/riscv64-unknown-elf/10.2.0/../../../../riscv64-unknown-elf/lib/rv64imafdc/lp64d/libm.a(lib_a-s_nan.o)
 .srodata.cst8  0x00000000800b2af0       0x10 /home/dscripts/host-tools/gcc/riscv64-elf-x86_64/bin/../lib/gcc/riscv64-unknown-elf/10.2.0/../../../../riscv64-unknown-elf/lib/rv64imafdc/lp64d/libm.a(lib_a-s_scalbn.o)
                                         0x20 (size before relaxing)
 .srodata.cst4  0x00000000800b2b00       0x30 audio/src/SSP_Algorithm_20220128/libssp.a(cvi_ssp_interface.c.obj)
 .srodata.cst4  0x00000000800b2b30       0x18 audio/src/SSP_Algorithm_20220128/libssp.a(dc.c.obj)
                                         0x1c (size before relaxing)
 .srodata.cst8  0x00000000800b2b48        0x8 audio/src/SSP_Algorithm_20220128/libssp.a(dc.c.obj)
 .srodata.cst4  0x00000000800b2b48       0x1c audio/src/SSP_Algorithm_20220128/libssp.a(dg.c.obj)
 .srodata.cst4  0x00000000800b2b48       0x44 audio/src/SSP_Algorithm_20220128/libssp.a(lpaec.c.obj)
                                         0x64 (size before relaxing)
 *fill*         0x00000000800b2b8c        0x4 
 .srodata.cst8  0x00000000800b2b90       0x30 audio/src/SSP_Algorithm_20220128/libssp.a(lpaec.c.obj)
                                         0x48 (size before relaxing)
 .srodata.cst4  0x00000000800b2bc0        0x8 audio/src/SSP_Algorithm_20220128/libssp.a(lpaec_subfun.c.obj)
                                         0x14 (size before relaxing)
 .srodata.cst8  0x00000000800b2bc8        0x8 audio/src/SSP_Algorithm_20220128/libssp.a(lpaec_subfun.c.obj)
 .srodata.cst4  0x00000000800b2bc8       0x2c audio/src/SSP_Algorithm_20220128/libssp.a(mmse.c.obj)
                                         0x40 (size before relaxing)
 *fill*         0x00000000800b2bf4        0x4 
 .srodata.cst8  0x00000000800b2bf8       0x48 audio/src/SSP_Algorithm_20220128/libssp.a(mmse_init.c.obj)
 .srodata.cst4  0x00000000800b2c40       0x10 audio/src/SSP_Algorithm_20220128/libssp.a(mmse_init.c.obj)
                                         0x18 (size before relaxing)
 .srodata.cst4  0x00000000800b2c50       0x28 audio/src/SSP_Algorithm_20220128/libssp.a(nlpaes.c.obj)
                                         0x74 (size before relaxing)
 .srodata.cst8  0x00000000800b2c78        0x8 audio/src/SSP_Algorithm_20220128/libssp.a(nlpaes.c.obj)
 .srodata.cst4  0x00000000800b2c78       0x14 audio/src/SSP_Algorithm_20220128/libssp.a(nlpaes_subfun.c.obj)
                                         0x2c (size before relaxing)
 *fill*         0x00000000800b2c8c        0x4 
 .srodata.cst8  0x00000000800b2c90       0x20 audio/src/SSP_Algorithm_20220128/libssp.a(nlpaes_subfun.c.obj)
                                         0x28 (size before relaxing)
 .srodata.cst4  0x00000000800b2cb0        0x4 audio/src/SSP_Algorithm_20220128/libssp.a(notch.c.obj)
 .srodata.cst8  0x00000000800b2cb0        0x8 audio/src/SSP_Algorithm_20220128/libssp.a(packfft.c.obj)
 .srodata.cst4  0x00000000800b2cb0        0x4 audio/src/SSP_Algorithm_20220128/libssp.a(slope_detection.c.obj)
                                         0x18 (size before relaxing)
 .srodata.cst4  0x00000000800b2cb4        0x4 audio/src/SSP_Algorithm_20220128/libssp.a(bessel.c.obj)
                                          0xc (size before relaxing)
 .srodata.cst8  0x00000000800b2cb8       0x10 audio/src/SSP_Algorithm_20220128/libssp.a(bessel.c.obj)
 .srodata.cst4  0x00000000800b2cc8       0x20 audio/src/SSP_Algorithm_20220128/libssp.a(dr_detection.c.obj)
                                         0x38 (size before relaxing)
 .srodata.cst4  0x00000000800b2ce8       0x18 audio/src/SSP_Algorithm_20220128/libssp.a(fftcore.c.obj)
                                         0x24 (size before relaxing)
 .srodata.cst4  0x00000000800b2d00        0x8 audio/src/SSP_Algorithm_20220128/libssp.a(mmse_rtwutil.c.obj)
 .srodata.cst8  0x00000000800b2d00       0x60 /home/dscripts/host-tools/gcc/riscv64-elf-x86_64/bin/../lib/gcc/riscv64-unknown-elf/10.2.0/../../../../riscv64-unknown-elf/lib/rv64imafdc/lp64d/libm.a(lib_a-s_atan.o)
                                         0x90 (size before relaxing)
 .srodata.cst8  0x00000000800b2d60        0x8 /home/dscripts/host-tools/gcc/riscv64-elf-x86_64/bin/../lib/gcc/riscv64-unknown-elf/10.2.0/../../../../riscv64-unknown-elf/lib/rv64imafdc/lp64d/libm.a(lib_a-s_ceil.o)
 .srodata.cst8  0x00000000800b2d60        0x8 /home/dscripts/host-tools/gcc/riscv64-elf-x86_64/bin/../lib/gcc/riscv64-unknown-elf/10.2.0/../../../../riscv64-unknown-elf/lib/rv64imafdc/lp64d/libm.a(lib_a-s_floor.o)
 .srodata.cst8  0x00000000800b2d60       0x10 /home/dscripts/host-tools/gcc/riscv64-elf-x86_64/bin/../lib/gcc/riscv64-unknown-elf/10.2.0/../../../../riscv64-unknown-elf/lib/rv64imafdc/lp64d/libm.a(lib_a-w_exp.o)
                                         0x18 (size before relaxing)
 .srodata.cst8  0x00000000800b2d70        0x8 /home/dscripts/host-tools/gcc/riscv64-elf-x86_64/bin/../lib/gcc/riscv64-unknown-elf/10.2.0/../../../../riscv64-unknown-elf/lib/rv64imafdc/lp64d/libm.a(lib_a-w_log.o)
 .srodata.cst8  0x00000000800b2d70       0x20 /home/dscripts/host-tools/gcc/riscv64-elf-x86_64/bin/../lib/gcc/riscv64-unknown-elf/10.2.0/../../../../riscv64-unknown-elf/lib/rv64imafdc/lp64d/libm.a(lib_a-e_atan2.o)
                                         0x30 (size before relaxing)
 .srodata.cst8  0x00000000800b2d90       0x18 /home/dscripts/host-tools/gcc/riscv64-elf-x86_64/bin/../lib/gcc/riscv64-unknown-elf/10.2.0/../../../../riscv64-unknown-elf/lib/rv64imafdc/lp64d/libm.a(lib_a-e_exp.o)
                                         0x70 (size before relaxing)
 .srodata.cst8  0x00000000800b2da8       0x40 /home/dscripts/host-tools/gcc/riscv64-elf-x86_64/bin/../lib/gcc/riscv64-unknown-elf/10.2.0/../../../../riscv64-unknown-elf/lib/rv64imafdc/lp64d/libm.a(lib_a-e_log.o)
                                         0x78 (size before relaxing)
 .srodata.cst8  0x00000000800b2de8       0x40 /home/dscripts/host-tools/gcc/riscv64-elf-x86_64/bin/../lib/gcc/riscv64-unknown-elf/10.2.0/../../../../riscv64-unknown-elf/lib/rv64imafdc/lp64d/libm.a(lib_a-e_rem_pio2.o)
                                         0x48 (size before relaxing)
 .srodata.cst8  0x00000000800b2e28       0x40 /home/dscripts/host-tools/gcc/riscv64-elf-x86_64/bin/../lib/gcc/riscv64-unknown-elf/10.2.0/../../../../riscv64-unknown-elf/lib/rv64imafdc/lp64d/libm.a(lib_a-k_cos.o)
                                         0x50 (size before relaxing)
 .srodata.cst8  0x00000000800b2e68       0x20 /home/dscripts/host-tools/gcc/riscv64-elf-x86_64/bin/../lib/gcc/riscv64-unknown-elf/10.2.0/../../../../riscv64-unknown-elf/lib/rv64imafdc/lp64d/libm.a(lib_a-k_rem_pio2.o)
                                         0x38 (size before relaxing)
 .srodata.cst8  0x00000000800b2e88       0x38 /home/dscripts/host-tools/gcc/riscv64-elf-x86_64/bin/../lib/gcc/riscv64-unknown-elf/10.2.0/../../../../riscv64-unknown-elf/lib/rv64imafdc/lp64d/libm.a(lib_a-k_sin.o)
                                         0x40 (size before relaxing)
 *(.gnu.linkonce.r.*)
                0x00000000800b2ec0                __rodata_end = .

.rela.dyn       0x00000000800b2ec0        0x0
 .rela.vectors  0x00000000800b2ec0        0x0 main/CMakeFiles/cvirtos.elf.dir/src/main.c.obj
 .rela.text.xPortStartScheduler
                0x00000000800b2ec0        0x0 main/CMakeFiles/cvirtos.elf.dir/src/main.c.obj

.rodata1        0x00000000800b2ec0        0x0
                0x00000000800b2ec0                . = ALIGN (0x40)
                0x00000000800b2ec0                __rodata1_start = .
 *(.rodata1)
 *(.rodata1.*)
                0x00000000800b2ec0                __rodata1_end = .

.data           0x00000000800b2ec0      0xa60
                0x00000000800b2ec0                . = ALIGN (0x40)
                0x00000000800b2ec0                _data = .
 *(.data)
 .data          0x00000000800b2ec0      0x748 /home/dscripts/host-tools/gcc/riscv64-elf-x86_64/bin/../lib/gcc/riscv64-unknown-elf/10.2.0/../../../../riscv64-unknown-elf/lib/rv64imafdc/lp64d/libc.a(lib_a-impure.o)
 *(.data.*)
 .data.gTaskCtx
                0x00000000800b3608      0x1f8 comm/libcomm.a(comm_main.c.obj)
                0x00000000800b3608                gTaskCtx
 .data.nb_notch_coef.1
                0x00000000800b3800       0x18 audio/src/SSP_Algorithm_20220128/libssp.a(notch.c.obj)
 .data.wb_notch_coef.0
                0x00000000800b3818       0x18 audio/src/SSP_Algorithm_20220128/libssp.a(notch.c.obj)
 .data.bessel_v0_d.2
                0x00000000800b3830       0x28 audio/src/SSP_Algorithm_20220128/libssp.a(bessel.c.obj)
 .data.bessel_v0_f.3
                0x00000000800b3858       0x34 audio/src/SSP_Algorithm_20220128/libssp.a(bessel.c.obj)
 *fill*         0x00000000800b388c        0x4 
 .data.bessel_v1_d.0
                0x00000000800b3890       0x28 audio/src/SSP_Algorithm_20220128/libssp.a(bessel.c.obj)
 .data.bessel_v1_f.1
                0x00000000800b38b8       0x34 audio/src/SSP_Algorithm_20220128/libssp.a(bessel.c.obj)
 *(.sdata)
 *fill*         0x00000000800b38ec        0x4 
 .sdata         0x00000000800b38f0        0x8 /home/dscripts/host-tools/gcc/riscv64-elf-x86_64/bin/../lib/gcc/riscv64-unknown-elf/10.2.0/../../../../riscv64-unknown-elf/lib/rv64imafdc/lp64d/libc.a(lib_a-impure.o)
                0x00000000800b38f0                _impure_ptr
 *(.sdata.*)
 .sdata.mailbox_lock
                0x00000000800b38f8        0x4 comm/libcomm.a(comm_main.c.obj)
                0x00000000800b38f8                mailbox_lock
 .sdata.uart_putc_enable
                0x00000000800b38fc        0x4 /root/.jenkins/workspace/mars3_dev_daily_build/mars3_source/freertos/cvitek/install/lib/libdriver.a(uart.c.obj)
                0x00000000800b38fc                uart_putc_enable
 .sdata.reg_base
                0x00000000800b3900        0x8 /root/.jenkins/workspace/mars3_dev_daily_build/mars3_source/freertos/cvitek/install/lib/libdriver.a(cvi_spinlock.c.obj)
 .sdata.uxTopUsedPriority
                0x00000000800b3908        0x8 /root/.jenkins/workspace/mars3_dev_daily_build/mars3_source/freertos/cvitek/install/lib/libkernel.a(tasks.c.obj)
                0x00000000800b3908                uxTopUsedPriority
 .sdata.pullNextTime
                0x00000000800b3910        0x8 /root/.jenkins/workspace/mars3_dev_daily_build/mars3_source/freertos/cvitek/install/lib/libkernel.a(port.c.obj)
                0x00000000800b3910                pullNextTime
 .sdata.notch_dbglevel
                0x00000000800b3918        0x4 audio/src/SSP_Algorithm_20220128/libssp.a(cviaudio_algo_interface.c.obj)
                0x00000000800b3918                notch_dbglevel
 .sdata.cviaud_dbg
                0x00000000800b391c        0x4 audio/src/SSP_Algorithm_20220128/libssp.a(cvi_ssp_interface.c.obj)
                0x00000000800b391c                cviaud_dbg
 *(.gnu.linkonce.d.*)
 *(.jcr)
 *(.got)
 *(.got.plt)
                0x00000000800b3920                _edata = .

.data1          0x00000000800b3920       0x20
                0x00000000800b3940                . = ALIGN (0x40)
 *fill*         0x00000000800b3920       0x20 
                0x00000000800b3940                __data1_start = .
 *(.data1)
 *(.data1.*)
                0x00000000800b3940                __data1_end = .

.got
 *(.got)

.got1
 *(.got1)

.got2
 *(.got2)

.ctors          0x00000000800b3940        0x0
                0x00000000800b3940                . = ALIGN (0x40)
                0x00000000800b3940                __CTOR_LIST__ = .
                0x00000000800b3940                ___CTORS_LIST___ = .
 *crtbegin.o(.ctors)
 *(EXCLUDE_FILE(*crtend.o) .ctors)
 *(SORT_BY_NAME(.ctors.*))
 *(.ctors)
                0x00000000800b3940                __CTOR_END__ = .
                0x00000000800b3940                ___CTORS_END___ = .

.dtors          0x00000000800b3940        0x0
                0x00000000800b3940                . = ALIGN (0x40)
                0x00000000800b3940                __DTOR_LIST__ = .
                0x00000000800b3940                ___DTORS_LIST___ = .
 *crtbegin.o(.dtors)
 *(EXCLUDE_FILE(*crtend.o) .dtors)
 *(SORT_BY_NAME(.dtors.*))
 *(.dtors)
                0x00000000800b3940                __DTOR_END__ = .
                0x00000000800b3940                ___DTORS_END___ = .

.fixup          0x00000000800b3940        0x0
                0x00000000800b3940                __fixup_start = .
 *(.fixup)
                0x00000000800b3940                __fixup_end = .

.eh_frame
 *(.eh_frame)

.eh_framehdr    0x00000000800b3940        0x0
                0x00000000800b3940                __eh_framehdr_start = .
 *(.eh_framehdr)
                0x00000000800b3940                __eh_framehdr_end = .

.gcc_except_table
 *(.gcc_except_table)

.bss            0x00000000800b3940     0xcb80
                0x00000000800b3940                . = ALIGN (0x40)
                0x00000000800b3940                _bss = .
 *(.bss)
 *(.bss.*)
 .bss.uxIdleTaskStack.2
                0x00000000800b3940     0x2000 main/CMakeFiles/cvirtos.elf.dir/src/main.c.obj
 .bss.uxTimerTaskStack.0
                0x00000000800b5940     0x4000 main/CMakeFiles/cvirtos.elf.dir/src/main.c.obj
 .bss.xIdleTaskTCB.3
                0x00000000800b9940       0xa8 main/CMakeFiles/cvirtos.elf.dir/src/main.c.obj
 .bss.xTimerTaskTCB.1
                0x00000000800b99e8       0xa8 main/CMakeFiles/cvirtos.elf.dir/src/main.c.obj
 .bss.g_irq_action
                0x00000000800b9a90     0x1400 /root/.jenkins/workspace/mars3_dev_daily_build/mars3_source/freertos/cvitek/install/lib/libdriver.a(system.c.obj)
 *fill*         0x00000000800bae90       0x30 
 .bss.transfer_config
                0x00000000800baec0       0x40 /root/.jenkins/workspace/mars3_dev_daily_build/mars3_source/freertos/cvitek/install/lib/libdriver.a(system.c.obj)
                0x00000000800baec0                transfer_config
 .bss.seg_list_head
                0x00000000800baf00       0x10 /root/.jenkins/workspace/mars3_dev_daily_build/mars3_source/freertos/cvitek/install/lib/libdriver.a(cmpr_canvas.c.obj)
                0x00000000800baf00                seg_list_head
 .bss.slc_list_head
                0x00000000800baf10       0x10 /root/.jenkins/workspace/mars3_dev_daily_build/mars3_source/freertos/cvitek/install/lib/libdriver.a(cmpr_canvas.c.obj)
                0x00000000800baf10                slc_list_head
 .bss.xStart    0x00000000800baf20       0x10 /root/.jenkins/workspace/mars3_dev_daily_build/mars3_source/freertos/cvitek/install/lib/libkernel.a(heap_4.c.obj)
 .bss.xQueueRegistry
                0x00000000800baf30      0x320 /root/.jenkins/workspace/mars3_dev_daily_build/mars3_source/freertos/cvitek/install/lib/libkernel.a(queue.c.obj)
                0x00000000800baf30                xQueueRegistry
 .bss.pxReadyTasksLists
                0x00000000800bb250      0x140 /root/.jenkins/workspace/mars3_dev_daily_build/mars3_source/freertos/cvitek/install/lib/libkernel.a(tasks.c.obj)
 .bss.xDelayedTaskList1
                0x00000000800bb390       0x28 /root/.jenkins/workspace/mars3_dev_daily_build/mars3_source/freertos/cvitek/install/lib/libkernel.a(tasks.c.obj)
 .bss.xDelayedTaskList2
                0x00000000800bb3b8       0x28 /root/.jenkins/workspace/mars3_dev_daily_build/mars3_source/freertos/cvitek/install/lib/libkernel.a(tasks.c.obj)
 .bss.xPendingReadyList
                0x00000000800bb3e0       0x28 /root/.jenkins/workspace/mars3_dev_daily_build/mars3_source/freertos/cvitek/install/lib/libkernel.a(tasks.c.obj)
 .bss.xSuspendedTaskList
                0x00000000800bb408       0x28 /root/.jenkins/workspace/mars3_dev_daily_build/mars3_source/freertos/cvitek/install/lib/libkernel.a(tasks.c.obj)
 .bss.xTasksWaitingTermination
                0x00000000800bb430       0x28 /root/.jenkins/workspace/mars3_dev_daily_build/mars3_source/freertos/cvitek/install/lib/libkernel.a(tasks.c.obj)
 .bss.ucStaticTimerQueueStorage.1
                0x00000000800bb458       0xa0 /root/.jenkins/workspace/mars3_dev_daily_build/mars3_source/freertos/cvitek/install/lib/libkernel.a(timers.c.obj)
 .bss.xActiveTimerList1
                0x00000000800bb4f8       0x28 /root/.jenkins/workspace/mars3_dev_daily_build/mars3_source/freertos/cvitek/install/lib/libkernel.a(timers.c.obj)
 .bss.xActiveTimerList2
                0x00000000800bb520       0x28 /root/.jenkins/workspace/mars3_dev_daily_build/mars3_source/freertos/cvitek/install/lib/libkernel.a(timers.c.obj)
 .bss.xStaticTimerQueue.0
                0x00000000800bb548       0x90 /root/.jenkins/workspace/mars3_dev_daily_build/mars3_source/freertos/cvitek/install/lib/libkernel.a(timers.c.obj)
 *fill*         0x00000000800bb5d8        0x8 
 .bss.xISRStack
                0x00000000800bb5e0     0x2000 /root/.jenkins/workspace/mars3_dev_daily_build/mars3_source/freertos/cvitek/install/lib/libkernel.a(port.c.obj)
 .bss.gammak    0x00000000800bd5e0      0x504 audio/src/SSP_Algorithm_20220128/libssp.a(mmse.c.obj)
                0x00000000800bd5e0                gammak
 *fill*         0x00000000800bdae4        0x4 
 .bss.ksi       0x00000000800bdae8      0x504 audio/src/SSP_Algorithm_20220128/libssp.a(mmse.c.obj)
                0x00000000800bdae8                ksi
 *fill*         0x00000000800bdfec        0x4 
 .bss.nr_fd_half
                0x00000000800bdff0      0xa08 audio/src/SSP_Algorithm_20220128/libssp.a(mmse.c.obj)
                0x00000000800bdff0                nr_fd_half
 .bss.nr_sig    0x00000000800be9f8      0x504 audio/src/SSP_Algorithm_20220128/libssp.a(mmse.c.obj)
                0x00000000800be9f8                nr_sig
 *fill*         0x00000000800beefc        0x4 
 .bss.tmp_fft_out
                0x00000000800bef00      0xa08 audio/src/SSP_Algorithm_20220128/libssp.a(mmse.c.obj)
                0x00000000800bef00                tmp_fft_out
 .bss.tmp_ifft_out
                0x00000000800bf908      0xa08 audio/src/SSP_Algorithm_20220128/libssp.a(mmse.c.obj)
                0x00000000800bf908                tmp_ifft_out
 *(.sbss)
 .sbss          0x00000000800c0310        0x4 /home/dscripts/host-tools/gcc/riscv64-elf-x86_64/bin/../lib/gcc/riscv64-unknown-elf/10.2.0/../../../../riscv64-unknown-elf/lib/rv64imafdc/lp64d/libm.a(lib_a-s_lib_ver.o)
                0x00000000800c0310                __fdlib_version
 *(.sbss.*)
 *fill*         0x00000000800c0314        0x4 
 .sbss.mailbox_context
                0x00000000800c0318        0x8 comm/libcomm.a(comm_main.c.obj)
                0x00000000800c0318                mailbox_context
 .sbss.mbox_done_reg
                0x00000000800c0320        0x8 comm/libcomm.a(comm_main.c.obj)
                0x00000000800c0320                mbox_done_reg
 .sbss.mbox_reg
                0x00000000800c0328        0x8 comm/libcomm.a(comm_main.c.obj)
                0x00000000800c0328                mbox_reg
 .sbss.stop_ip.0
                0x00000000800c0330        0x4 comm/libcomm.a(comm_main.c.obj)
 *fill*         0x00000000800c0334        0x4 
 .sbss.xQueueRGNCmdqu
                0x00000000800c0338        0x8 rgn/librgn.a(rgn_main.c.obj)
                0x00000000800c0338                xQueueRGNCmdqu
 .sbss.xQueueRGN
                0x00000000800c0340        0x8 rgn/librgn.a(rgn_main.c.obj)
                0x00000000800c0340                xQueueRGN
 .sbss.unit_test_triggered
                0x00000000800c0348        0x4 audio/libaudio.a(audio_main.c.obj)
                0x00000000800c0348                unit_test_triggered
 *fill*         0x00000000800c034c        0x4 
 .sbss.paudio_ssp_block
                0x00000000800c0350        0x8 audio/libaudio.a(audio_main.c.obj)
                0x00000000800c0350                paudio_ssp_block
 .sbss.paudio_ssp_handle
                0x00000000800c0358        0x8 audio/libaudio.a(audio_main.c.obj)
                0x00000000800c0358                paudio_ssp_handle
 .sbss.pindicator
                0x00000000800c0360        0x8 audio/libaudio.a(audio_main.c.obj)
                0x00000000800c0360                pindicator
 .sbss.pstSspBufTbl